Component: ARM Compiler 5.05 update 1 (build 106) Tool: armlink [4d0efa]

==============================================================================

Section Cross References

    main.o(.text) refers to _printf_percent.o(.ARM.Collect$$_printf_percent$$00000000) for _printf_percent
    main.o(.text) refers to _printf_d.o(.ARM.Collect$$_printf_percent$$00000009) for _printf_d
    main.o(.text) refers to _printf_dec.o(.text) for _printf_int_dec
    main.o(.text) refers to _printf_s.o(.ARM.Collect$$_printf_percent$$00000014) for _printf_s
    main.o(.text) refers to _printf_str.o(.text) for _printf_str
    main.o(.text) refers to delay.o(.text) for delay_init
    main.o(.text) refers to misc.o(.text) for NVIC_PriorityGroupConfig
    main.o(.text) refers to usart.o(.text) for uart1_init
    main.o(.text) refers to __2printf.o(.text) for __2printf
    main.o(.text) refers to led.o(.text) for LED_Init
    main.o(.text) refers to lora_app.o(.text) for LoRa_Init
    main.o(.text) refers to usart3.o(.data) for USART3_RX_STA
    main.o(.text) refers to usart3.o(.bss) for USART3_RX_BUF
    system_stm32f10x.o(.text) refers to system_stm32f10x.o(.data) for SystemCoreClock
    exti.o(.text) refers to stm32f10x_rcc.o(.text) for RCC_APB2PeriphClockCmd
    exti.o(.text) refers to stm32f10x_gpio.o(.text) for GPIO_EXTILineConfig
    exti.o(.text) refers to stm32f10x_exti.o(.text) for EXTI_Init
    exti.o(.text) refers to misc.o(.text) for NVIC_Init
    led.o(.text) refers to stm32f10x_rcc.o(.text) for RCC_APB2PeriphClockCmd
    led.o(.text) refers to stm32f10x_gpio.o(.text) for GPIO_Init
    timer.o(.text) refers to stm32f10x_tim.o(.text) for TIM_SetCounter
    timer.o(.text) refers to stm32f10x_rcc.o(.text) for RCC_APB1PeriphClockCmd
    timer.o(.text) refers to misc.o(.text) for NVIC_Init
    timer.o(.text) refers to usart3.o(.data) for USART3_RX_STA
    delay.o(.text) refers to misc.o(.text) for SysTick_CLKSourceConfig
    delay.o(.text) refers to system_stm32f10x.o(.data) for SystemCoreClock
    delay.o(.text) refers to delay.o(.data) for fac_us
    usart.o(.text) refers (Special) to use_no_semi_2.o(.text) for __use_no_semihosting
    usart.o(.text) refers to stm32f10x_rcc.o(.text) for RCC_APB2PeriphClockCmd
    usart.o(.text) refers to stm32f10x_gpio.o(.text) for GPIO_Init
    usart.o(.text) refers to misc.o(.text) for NVIC_Init
    usart.o(.text) refers to stm32f10x_usart.o(.text) for USART_Init
    usart.o(.bss) refers (Special) to use_no_semi_2.o(.text) for __use_no_semihosting
    usart.o(.data) refers (Special) to use_no_semi_2.o(.text) for __use_no_semihosting
    usart3.o(.text) refers to stm32f10x_usart.o(.text) for USART_GetITStatus
    usart3.o(.text) refers to stm32f10x_tim.o(.text) for TIM_SetCounter
    usart3.o(.text) refers to stm32f10x_rcc.o(.text) for RCC_APB2PeriphClockCmd
    usart3.o(.text) refers to stm32f10x_gpio.o(.text) for GPIO_Init
    usart3.o(.text) refers to misc.o(.text) for NVIC_Init
    usart3.o(.text) refers to timer.o(.text) for TIM4_Int_Init
    usart3.o(.text) refers to vsprintf.o(.text) for vsprintf
    usart3.o(.text) refers to strlen.o(.text) for strlen
    usart3.o(.text) refers to usart3.o(.data) for USART3_RX_STA
    usart3.o(.text) refers to lora_app.o(.data) for Lora_mode
    usart3.o(.text) refers to usart3.o(.bss) for USART3_RX_BUF
    startup_stm32f10x_md.o(STACK) refers (Special) to heapauxi.o(.text) for __use_two_region_memory
    startup_stm32f10x_md.o(HEAP) refers (Special) to heapauxi.o(.text) for __use_two_region_memory
    startup_stm32f10x_md.o(RESET) refers (Special) to heapauxi.o(.text) for __use_two_region_memory
    startup_stm32f10x_md.o(RESET) refers to startup_stm32f10x_md.o(STACK) for __initial_sp
    startup_stm32f10x_md.o(RESET) refers to startup_stm32f10x_md.o(.text) for Reset_Handler
    startup_stm32f10x_md.o(RESET) refers to stm32f10x_it.o(.text) for NMI_Handler
    startup_stm32f10x_md.o(RESET) refers to exti.o(.text) for EXTI1_IRQHandler
    startup_stm32f10x_md.o(RESET) refers to lora_app.o(.text) for EXTI4_IRQHandler
    startup_stm32f10x_md.o(RESET) refers to timer.o(.text) for TIM4_IRQHandler
    startup_stm32f10x_md.o(RESET) refers to usart.o(.text) for USART1_IRQHandler
    startup_stm32f10x_md.o(RESET) refers to usart3.o(.text) for USART3_IRQHandler
    startup_stm32f10x_md.o(.text) refers (Special) to heapauxi.o(.text) for __use_two_region_memory
    startup_stm32f10x_md.o(.text) refers to __main.o(!!!main) for __main
    startup_stm32f10x_md.o(.text) refers to startup_stm32f10x_md.o(HEAP) for Heap_Mem
    startup_stm32f10x_md.o(.text) refers to startup_stm32f10x_md.o(STACK) for Stack_Mem
    stm32f10x_gpio.o(.text) refers to stm32f10x_rcc.o(.text) for RCC_APB2PeriphResetCmd
    stm32f10x_rcc.o(.text) refers to stm32f10x_rcc.o(.data) for APBAHBPrescTable
    stm32f10x_usart.o(.text) refers to stm32f10x_rcc.o(.text) for RCC_APB2PeriphResetCmd
    stm32f10x_tim.o(.text) refers to stm32f10x_rcc.o(.text) for RCC_APB2PeriphResetCmd
[...]
    !!handler_zi                             0x08000144   Section       28  __scatter_zi.o(!!handler_zi)
    .ARM.Collect$$_printf_percent$$00000000  0x08000160   Section        0  _printf_percent.o(.ARM.Collect$$_printf_percent$$00000000)
    .ARM.Collect$$_printf_percent$$00000001  0x08000160   Section        6  _printf_n.o(.ARM.Collect$$_printf_percent$$00000001)
    .ARM.Collect$$_printf_percent$$00000002  0x08000166   Section        6  _printf_p.o(.ARM.Collect$$_printf_percent$$00000002)
    .ARM.Collect$$_printf_percent$$00000003  0x0800016c   Section        6  _printf_f.o(.ARM.Collect$$_printf_percent$$00000003)
    .ARM.Collect$$_printf_percent$$00000004  0x08000172   Section        6  _printf_e.o(.ARM.Collect$$_printf_percent$$00000004)
    .ARM.Collect$$_printf_percent$$00000005  0x08000178   Section        6  _printf_g.o(.ARM.Collect$$_printf_percent$$00000005)
    .ARM.Collect$$_printf_percent$$00000006  0x0800017e   Section        6  _printf_a.o(.ARM.Collect$$_printf_percent$$00000006)
    .ARM.Collect$$_printf_percent$$00000007  0x08000184   Section       10  _printf_ll.o(.ARM.Collect$$_printf_percent$$00000007)
    .ARM.Collect$$_printf_percent$$00000008  0x0800018e   Section        6  _printf_i.o(.ARM.Collect$$_printf_percent$$00000008)
    .ARM.Collect$$_printf_percent$$00000009  0x08000194   Section        6  _printf_d.o(.ARM.Collect$$_printf_percent$$00000009)
    .ARM.Collect$$_printf_percent$$0000000A  0x0800019a   Section        6  _printf_u.o(.ARM.Collect$$_printf_percent$$0000000A)
    .ARM.Collect$$_printf_percent$$0000000B  0x080001a0   Section        6  _printf_o.o(.ARM.Collect$$_printf_percent$$0000000B)
    .ARM.Collect$$_printf_percent$$0000000C  0x080001a6   Section        6  _printf_x.o(.ARM.Collect$$_printf_percent$$0000000C)
    .ARM.Collect$$_printf_percent$$0000000D  0x080001ac   Section        6  _printf_lli.o(.ARM.Collect$$_printf_percent$$0000000D)
    .ARM.Collect$$_printf_percent$$0000000E  0x080001b2   Section        6  _printf_lld.o(.ARM.Collect$$_printf_percent$$0000000E)
    .ARM.Collect$$_printf_percent$$0000000F  0x080001b8   Section        6  _printf_llu.o(.ARM.Collect$$_printf_percent$$0000000F)
    .ARM.Collect$$_printf_percent$$00000010  0x080001be   Section        6  _printf_llo.o(.ARM.Collect$$_printf_percent$$00000010)
    .ARM.Collect$$_printf_percent$$00000011  0x080001c4   Section        6  _printf_llx.o(.ARM.Collect$$_printf_percent$$00000011)
    .ARM.Collect$$_printf_percent$$00000012  0x080001ca   Section       10  _printf_l.o(.ARM.Collect$$_printf_percent$$00000012)
    .ARM.Collect$$_printf_percent$$00000013  0x080001d4   Section        6  _printf_c.o(.ARM.Collect$$_printf_percent$$00000013)
    .ARM.Collect$$_printf_percent$$00000014  0x080001da   Section        6  _printf_s.o(.ARM.Collect$$_printf_percent$$00000014)
    .ARM.Collect$$_printf_percent$$00000015  0x080001e0   Section        6  _printf_lc.o(.ARM.Collect$$_printf_percent$$00000015)
    .ARM.Collect$$_printf_percent$$00000016  0x080001e6   Section        6  _printf_ls.o(.ARM.Collect$$_printf_percent$$00000016)
    .ARM.Collect$$_printf_percent$$00000017  0x080001ec   Section        4  _printf_percent_end.o(.ARM.Collect$$_printf_percent$$00000017)
    .ARM.Collect$$libinit$$00000000          0x080001f0   Section        2  libinit.o(.ARM.Collect$$libinit$$00000000)
    .ARM.Collect$$libinit$$00000002          0x080001f2   Section        0  libinit2.o(.ARM.Collect$$libinit$$00000002)
    .ARM.Collect$$libinit$$00000004          0x080001f2   Section        0  libinit2.o(.ARM.Collect$$libinit$$00000004)
    .ARM.Collect$$libinit$$0000000A          0x080001f2   Section        0  libinit2.o(.ARM.Collect$$libinit$$0000000A)
    .ARM.Collect$$libinit$$0000000C          0x080001f2   Section        0  libinit2.o(.ARM.Collect$$libinit$$0000000C)
    .ARM.Collect$$libinit$$0000000E          0x080001f2   Section        0  libinit2.o(.ARM.Collect$$libinit$$0000000E)
    .ARM.Collect$$libinit$$0000000F          0x080001f2   Section        6  libinit2.o(.ARM.Collect$$libinit$$0000000F)
    .ARM.Collect$$libinit$$00000011          0x080001f8   Section        0  libinit2.o(.ARM.Collect$$libinit$$00000011)
    .ARM.Collect$$libinit$$00000012          0x080001f8   Section       12  libinit2.o(.ARM.Collect$$libinit$$00000012)
    .ARM.Collect$$libinit$$00000013          0x08000204   Section        0  libinit2.o(.ARM.Collect$$libinit$$00000013)
    .ARM.Collect$$libinit$$00000015          0x08000204   Section        0  libinit2.o(.ARM.Collect$$libinit$$00000015)
    .ARM.Collect$$libinit$$00000016          0x08000204   Section       10  libinit2.o(.ARM.Collect$$libinit$$00000016)
    .ARM.Collect$$libinit$$00000017          0x0800020e   Section        0  libinit2.o(.ARM.Collect$$libinit$$00000017)
    .ARM.Collect$$libinit$$00000019          0x0800020e   Section        0  libinit2.o(.ARM.Collect$$libinit$$00000019)
    .ARM.Collect$$libinit$$0000001B          0x0800020e   Section        0  libinit2.o(.ARM.Collect$$libinit$$0000001B)
    .ARM.Collect$$libinit$$0000001D          0x0800020e   Section        0  libinit2.o(.ARM.Collect$$libinit$$0000001D)
    .ARM.Collect$$libinit$$0000001F          0x0800020e   Section        0  libinit2.o(.ARM.Collect$$libinit$$0000001F)
    .ARM.Collect$$libinit$$00000021          0x0800020e   Section        0  libinit2.o(.ARM.Collect$$libinit$$00000021)
    .ARM.Collect$$libinit$$00000023          0x0800020e   Section        0  libinit2.o(.ARM.Collect$$libinit$$00000023)
    .ARM.Collect$$libinit$$00000025          0x0800020e   Section        0  libinit2.o(.ARM.Collect$$libinit$$00000025)
    .ARM.Collect$$libinit$$0000002C          0x0800020e   Section        0  libinit2.o(.ARM.Collect$$libinit$$0000002C)
    .ARM.Collect$$libinit$$0000002E          0x0800020e   Section        0  libinit2.o(.ARM.Collect$$libinit$$0000002E)
    .ARM.Collect$$libinit$$00000030          0x0800020e   Section        0  libinit2.o(.ARM.Collect$$libinit$$00000030)
    .ARM.Collect$$libinit$$00000032          0x0800020e   Section        0  libinit2.o(.ARM.Collect$$libinit$$00000032)
    .ARM.Collect$$libinit$$00000033          0x0800020e   Section        2  libinit2.o(.ARM.Collect$$libinit$$00000033)
    .ARM.Collect$$libshutdown$$00000000      0x08000210   Section        2  libshutdown.o(.ARM.Collect$$libshutdown$$00000000)
    .ARM.Collect$$libshutdown$$00000003      0x08000212   Section        0  libshutdown2.o(.ARM.Collect$$libshutdown$$00000003)
    .ARM.Collect$$libshutdown$$00000006      0x08000212   Section        0  libshutdown2.o(.ARM.Collect$$libshutdown$$00000006)
    .ARM.Collect$$libshutdown$$00000009      0x08000212   Section        0  libshutdown2.o(.ARM.Collect$$libshutdown$$00000009)
    .ARM.Collect$$libshutdown$$0000000B      0x08000212   Section        0  libshutdown2.o(.ARM.Collect$$libshutdown$$0000000B)
    .ARM.Collect$$libshutdown$$0000000E      0x08000212   Section        0  libshutdown2.o(.ARM.Collect$$libshutdown$$0000000E)
    .ARM.Collect$$libshutdown$$0000000F      0x08000212   Section        2  libshutdown2.o(.ARM.Collect$$libshutdown$$0000000F)
    .ARM.Collect$$rtentry$$00000000          0x08000214   Section        0  __rtentry.o(.ARM.Collect$$rtentry$$00000000)
    .ARM.Collect$$rtentry$$00000002          0x08000214   Section        0  __rtentry2.o(.ARM.Collect$$rtentry$$00000002)
    .ARM.Collect$$rtentry$$00000004          0x08000214   Section        6  __rtentry4.o(.ARM.Collect$$rtentry$$00000004)
    .ARM.Collect$$rtentry$$00000009          0x0800021a   Section        0  __rtentry2.o(.ARM.Collect$$rtentry$$00000009)
    .ARM.Collect$$rtentry$$0000000A          0x0800021a   Section        4  __rtentry2.o(.ARM.Collect$$rtentry$$0000000A)
    .ARM.Collect$$rtentry$$0000000C          0x0800021e   Section        0  __rtentry2.o(.ARM.Collect$$rtentry$$0000000C)
    .ARM.Collect$$rtentry$$0000000D          0x0800021e   Section        8  __rtentry2.o(.ARM.Collect$$rtentry$$0000000D)
    .ARM.Collect$$rtexit$$00000000           0x08000226   Section        2  rtexit.o(.ARM.Collect$$rtexit$$00000000)
    .ARM.Collect$$rtexit$$00000002           0x08000228   Section        0  rtexit2.o(.ARM.Collect$$rtexit$$00000002)
    .ARM.Collect$$rtexit$$00000003           0x08000228   Section        4  rtexit2.o(.ARM.Collect$$rtexit$$00000003)
    .ARM.Collect$$rtexit$$00000004           0x0800022c   Section        6  rtexit2.o(.ARM.Collect$$rtexit$$00000004)
    .text                                    0x08000234   Section        0  main.o(.text)
    .text                                    0x08000314   Section        0  stm32f10x_it.o(.text)
    .text                                    0x0800032e   Section        0  exti.o(.text)
    .text                                    0x08000388   Section        0  led.o(.text)
    .text                                    0x080003c0   Section        0  timer.o(.text)
    .text                                    0x08000470   Section        0  delay.o(.text)
    .text                                    0x0800055c   Section        0  usart.o(.text)
    .text                                    0x0800070c   Section        0  usart3.o(.text)
    .text                                    0x08000974   Section       56  startup_stm32f10x_md.o(.text)
    .text                                    0x080009ac   Section        0  misc.o(.text)
    .text                                    0x08000a88   Section        0  stm32f10x_gpio.o(.text)
    .text                                    0x08000de4   Section        0  stm32f10x_rcc.o(.text)
    .text                                    0x08001188   Section        0  stm32f10x_usart.o(.text)
    .text                                    0x08001590   Section        0  stm32f10x_tim.o(.text)
    TI4_Config                               0x08001a37   Thumb Code   130  stm32f10x_tim.o(.text)
    TI3_Config                               0x08001acb   Thumb Code   122  stm32f10x_tim.o(.text)
    TI2_Config                               0x08001b5f   Thumb Code   130  stm32f10x_tim.o(.text)
    TI1_Config                               0x08001bf3   Thumb Code   108  stm32f10x_tim.o(.text)
    .text                                    0x080023ac   Section        0  stm32f10x_exti.o(.text)
    .text                                    0x080024c8   Section        0  lora_app.o(.text)
    .text                                    0x08002a08   Section        2  use_no_semi_2.o(.text)
    .text                                    0x08002a0c   Section        0  vsprintf.o(.text)
    .text                                    0x08002a30   Section        0  __2printf.o(.text)
    .text                                    0x08002a48   Section        0  __2sprintf.o(.text)
    .text                                    0x08002a74   Section        0  _printf_pad.o(.text)
    .text                                    0x08002ac2   Section        0  _printf_str.o(.text)
    .text                                    0x08002b14   Section        0  _printf_dec.o(.text)
    .text                                    0x08002b8c   Section        0  _printf_hex_int_ll_ptr.o(.text)
    _printf_hex_common                       0x08002b8d   Thumb Code     0  _printf_hex_int_ll_ptr.o(.text)
    .text                                    0x08002c20   Section        0  __printf_flags_ss_wp.o(.text)
    .text                                    0x08002da8   Section        0  strstr.o(.text)
    .text                                    0x08002dcc   Section        0  strlen.o(.text)
    .text                                    0x08002e0a   Section        0  heapauxi.o(.text)
    .text                                    0x08002e10   Section        2  use_no_semi.o(.text)
    .text                                    0x08002e12   Section        0  _printf_truncate.o(.text)
    .text                                    0x08002e36   Section        0  _printf_intcommon.o(.text)
    .text                                    0x08002ee8   Section        0  _printf_charcount.o(.text)
    .text                                    0x08002f10   Section        0  _printf_char_common.o(.text)
    _printf_input_char                       0x08002f11   Thumb Code    10  _printf_char_common.o(.text)
    .text                                    0x08002f40   Section        0  _sputc.o(.text)
    .text                                    0x08002f4a   Section        0  _printf_char.o(.text)
    .text                                    0x08002f78   Section        0  _printf_char_file.o(.text)
    .text                                    0x08002f9c   Section        0  _printf_wctomb.o(.text)
    .text                                    0x08003058   Section        0  _printf_longlong_dec.o(.text)
    .text                                    0x080030d4   Section        0  _printf_oct_int_ll.o(.text)
    _printf_longlong_oct_internal            0x080030d5   Thumb Code     0  _printf_oct_int_ll.o(.text)
    .text                                    0x08003144   Section      138  lludiv10.o(.text)
    .text                                    0x080031ce   Section        0  _printf_fp_dec.o(.text)
    _fp_digits                               0x080031d1   Thumb Code   428  _printf_fp_dec.o(.text)
    .text                                    0x080035e8   Section        0  _printf_fp_hex.o(.text)
    .text                                    0x080038e4   Section        0  _printf_wchar.o(.text)
    .text                                    0x08003910   Section        0  ferror.o(.text)
    .text                                    0x08003918   Section        0  _wcrtomb.o(.text)
    .text                                    0x08003958   Section       74  sys_stackheap_outer.o(.text)
    .text                                    0x080039a4   Section       16  rt_ctype_table.o(.text)
    .text                                    0x080039b4   Section        8  rt_locale_intlibspace.o(.text)
    .text                                    0x080039bc   Section        0  _printf_fp_infnan.o(.text)
    .text                                    0x08003a3c   Section        0  bigflt0.o(.text)
    .text                                    0x08003b18   Section        0  exit.o(.text)
    .text                                    0x08003b24   Section        8  libspace.o(.text)
    .text                                    0x08003b2c   Section      128  strcmpv7m.o(.text)
    CL$$btod_d2e                             0x08003bac   Section       62  btod.o(CL$$btod_d2e)
    CL$$btod_d2e_denorm_low                  0x08003bea   Section       70  btod.o(CL$$btod_d2e_denorm_low)
    CL$$btod_d2e_norm_op1                    0x08003c30   Section       96  btod.o(CL$$btod_d2e_norm_op1)
    CL$$btod_div_common                      0x08003c90   Section      824  btod.o(CL$$btod_div_common)
    CL$$btod_e2e                             0x08003fc8   Section      198  btod.o(CL$$btod_e2e)
    CL$$btod_ediv                            0x0800408e   Section       40  btod.o(CL$$btod_ediv)
    CL$$btod_emul                            0x080040b6   Section       40  btod.o(CL$$btod_emul)
    CL$$btod_mult_common                     0x080040de   Section      580  btod.o(CL$$btod_mult_common)
    i.__ARM_fpclassify                       0x08004322   Section        0  fpclassify.o(i.__ARM_fpclassify)
    i._is_digit                              0x0800434a   Section        0  __printf_wp.o(i._is_digit)
    locale$$code                             0x08004358   Section       44  lc_numeric_c.o(locale$$code)
    locale$$code                             0x08004384   Section       44  lc_ctype_c.o(locale$$code)
    x$fpl$printf1                            0x080043b0   Section        4  printf1.o(x$fpl$printf1)
    x$fpl$printf2                            0x080043b4   Section        4  printf2.o(x$fpl$printf2)
    .constdata                               0x080043b8   Section       40  _printf_hex_int_ll_ptr.o(.constdata)
    x$fpl$usenofp                            0x080043b8   Section        0  usenofp.o(x$fpl$usenofp)
    uc_hextab                                0x080043b8   Data          20  _printf_hex_int_ll_ptr.o(.constdata)
    lc_hextab                                0x080043cc   Data          20  _printf_hex_int_ll_ptr.o(.constdata)
    .constdata                               0x080043e0   Section       17  __printf_flags_ss_wp.o(.constdata)
    maptable                                 0x080043e0   Data          17  __printf_flags_ss_wp.o(.constdata)
    .constdata                               0x080043f4   Section        8  _printf_wctomb.o(.constdata)
    initial_mbstate                          0x080043f4   Data           8  _printf_wctomb.o(.constdata)
    .constdata                               0x080043fc   Section       38  _printf_fp_hex.o(.constdata)
    lc_hextab                                0x080043fc   Data          19  _printf_fp_hex.o(.constdata)
    uc_hextab                                0x0800440f   Data          19  _printf_fp_hex.o(.constdata)
    .constdata                               0x08004424   Section      148  bigflt0.o(.constdata)
    tenpwrs_x                                0x08004424   Data          60  bigflt0.o(.constdata)
    tenpwrs_i                                0x08004460   Data          64  bigflt0.o(.constdata)
    locale$$data                             0x080044d8   Section       28  lc_numeric_c.o(locale$$data)
    __lcnum_c_name                           0x080044dc   Data           2  lc_numeric_c.o(locale$$data)
    __lcnum_c_start                          0x080044e4   Data           0  lc_numeric_c.o(locale$$data)
    __lcnum_c_point                          0x080044f0   Data           0  lc_numeric_c.o(locale$$data)
    __lcnum_c_thousands                      0x080044f2   Data           0  lc_numeric_c.o(locale$$data)
    __lcnum_c_grouping                       0x080044f3   Data           0  lc_numeric_c.o(locale$$data)
    locale$$data                             0x080044f4   Section      272  lc_ctype_c.o(locale$$data)
    __lcnum_c_end                            0x080044f4   Data           0  lc_numeric_c.o(locale$$data)
    __lcctype_c_name                         0x080044f8   Data           2  lc_ctype_c.o(locale$$data)
    __lcctype_c_start                        0x08004500   Data           0  lc_ctype_c.o(locale$$data)
    __lcctype_c_end                          0x08004604   Data           0  lc_ctype_c.o(locale$$data)
    .data                                    0x20000000   Section       20  system_stm32f10x.o(.data)
    .data                                    0x20000014   Section        8  delay.o(.data)
    fac_us                                   0x20000014   Data           1  delay.o(.data)
    fac_ms                                   0x20000016   Data           2  delay.o(.data)
    .data                                    0x2000001c   Section        8  usart.o(.data)
    .data                                    0x20000024   Section        8  usart3.o(.data)
    bound                                    0x20000028   Data           4  usart3.o(.data)
    .data                                    0x2000002c   Section       20  stm32f10x_rcc.o(.data)
    APBAHBPrescTable                         0x2000002c   Data          16  stm32f10x_rcc.o(.data)
    ADCPrescTable                            0x2000003c   Data           4  stm32f10x_rcc.o(.data)
    .data                                    0x20000040   Section       35  lora_app.o(.data)
    Int_mode                                 0x2000005c   Data           1  lora_app.o(.data)
    num                                      0x20000062   Data           1  lora_app.o(.data)
    .bss                                     0x20000064   Section     1640  usart3.o(.bss)
    .bss                                     0x200006cc   Section       60  lora_app.o(.bss)
    .bss                                     0x20000708   Section       96  libspace.o(.bss)
    HEAP                                     0x20000768   Section      512  startup_stm32f10x_md.o(HEAP)
    Heap_Mem                                 0x20000768   Data         512  startup_stm32f10x_md.o(HEAP)
    STACK                                    0x20000968   Section     1024  startup_stm32f10x_md.o(STACK)
    Stack_Mem                                0x20000968   Data        1024  startup_stm32f10x_md.o(STACK)
    __initial_sp                             0x20000d68   Data           0  startup_stm32f10x_md.o(STACK)

    Global Symbols

    Symbol Name                              Value     Ov Type        Size  Object(Section)

    BuildAttributes$$THM_ISAv4$P$D$K$B$S$PE$A:L22UL41UL21$X:L11$S22US41US21$IEEE1$IW$USESV6$~STKCKD$USESV7$~SHL$OTIME$ROPI$IEEEJ$EBA8$UX$STANDARDLIB$REQ8$PRES8$EABIv2 0x00000000   Number         0  anon$$obj.o ABSOLUTE
    __ARM_use_no_argv                        0x00000000   Number         0  main.o ABSOLUTE
    _printf_flags                            0x00000000   Number         0  printf_stubs.o ABSOLUTE
    _printf_return_value                     0x00000000   Number         0  printf_stubs.o ABSOLUTE
    _printf_sizespec                         0x00000000   Number         0  printf_stubs.o ABSOLUTE
    _printf_widthprec                        0x00000000   Number         0  printf_stubs.o ABSOLUTE
    __ARM_exceptions_init                     - Undefined Weak Reference
    __alloca_initialize                       - Undefined Weak Reference
    __arm_preinit_                            - Undefined Weak Reference
    __cpp_initialize__aeabi_                  - Undefined Weak Reference
    __cxa_finalize                            - Undefined Weak Reference
    __sigvec_lookup                           - Undefined Weak Reference
    _atexit_init                              - Undefined Weak Reference
    _call_atexit_fns                          - Undefined Weak Reference
    _clock_init                               - Undefined Weak Reference
    _fp_trap_init                             - Undefined Weak Reference
    _fp_trap_shutdown                         - Undefined Weak Reference
    _get_lc_collate                           - Undefined Weak Reference
    _get_lc_monetary                          - Undefined Weak Reference
    _get_lc_time                              - Undefined Weak Reference
    _getenv_init                              - Undefined Weak Reference
    _handle_redirection                       - Undefined Weak Reference
    _init_alloc                               - Undefined Weak Reference
    _init_user_alloc                          - Undefined Weak Reference
    _initio                                   - Undefined Weak Reference
    _mutex_acquire                            - Undefined Weak Reference
    _mutex_release                            - Undefined Weak Reference
    _printf_mbtowc                            - Undefined Weak Reference
    _printf_wc                                - Undefined Weak Reference
    _rand_init                                - Undefined Weak Reference
    _signal_finish                            - Undefined Weak Reference
    _signal_init                              - Undefined Weak Reference
    _terminate_alloc                          - Undefined Weak Reference
    _terminate_user_alloc                     - Undefined Weak Reference
    _terminateio                              - Undefined Weak Reference
    __Vectors_Size                           0x000000ec   Number         0  startup_stm32f10x_md.o ABSOLUTE
    __Vectors                                0x08000000   Data           4  startup_stm32f10x_md.o(RESET)
    __Vectors_End                            0x080000ec   Data           0  startup_stm32f10x_md.o(RESET)
    __main                                   0x080000ed   Thumb Code     8  __main.o(!!!main)
    __scatterload                            0x080000f5   Thumb Code     0  __scatter.o(!!!scatter)
    __scatterload_rt2                        0x080000f5   Thumb Code    44  __scatter.o(!!!scatter)
    __scatterload_rt2_thumb_only             0x080000f5   Thumb Code     0  __scatter.o(!!!scatter)
    __scatterload_null                       0x08000103   Thumb Code     0  __scatter.o(!!!scatter)
    __scatterload_copy                       0x08000129   Thumb Code    26  __scatter_copy.o(!!handler_copy)
    __scatterload_zeroinit                   0x08000145   Thumb Code    28  __scatter_zi.o(!!handler_zi)
    _printf_n                                0x08000161   Thumb Code     0  _printf_n.o(.ARM.Collect$$_printf_percent$$00000001)
    _printf_percent                          0x08000161   Thumb Code     0  _printf_percent.o(.ARM.Collect$$_printf_percent$$00000000)
    _printf_p                                0x08000167   Thumb Code     0  _printf_p.o(.ARM.Collect$$_printf_percent$$00000002)
    _printf_f                                0x0800016d   Thumb Code     0  _printf_f.o(.ARM.Collect$$_printf_percent$$00000003)
    _printf_e                                0x08000173   Thumb Code     0  _printf_e.o(.ARM.Collect$$_printf_percent$$00000004)
    _printf_g                                0x08000179   Thumb Code     0  _printf_g.o(.ARM.Collect$$_printf_percent$$00000005)
    _printf_a                                0x0800017f   Thumb Code     0  _printf_a.o(.ARM.Collect$$_printf_percent$$00000006)
    _printf_ll                               0x08000185   Thumb Code     0  _printf_ll.o(.ARM.Collect$$_printf_percent$$00000007)
    _printf_i                                0x0800018f   Thumb Code     0  _printf_i.o(.ARM.Collect$$_printf_percent$$00000008)
    _printf_d                                0x08000195   Thumb Code     0  _printf_d.o(.ARM.Collect$$_printf_percent$$00000009)
    _printf_u                                0x0800019b   Thumb Code     0  _printf_u.o(.ARM.Collect$$_printf_percent$$0000000A)
    _printf_o                                0x080001a1   Thumb Code     0  _printf_o.o(.ARM.Collect$$_printf_percent$$0000000B)
    _printf_x                                0x080001a7   Thumb Code     0  _printf_x.o(.ARM.Collect$$_printf_percent$$0000000C)
    _printf_lli                              0x080001ad   Thumb Code     0  _printf_lli.o(.ARM.Collect$$_printf_percent$$0000000D)
    _printf_lld                              0x080001b3   Thumb Code     0  _printf_lld.o(.ARM.Collect$$_printf_percent$$0000000E)
    _printf_llu                              0x080001b9   Thumb Code     0  _printf_llu.o(.ARM.Collect$$_printf_percent$$0000000F)
    _printf_llo                              0x080001bf   Thumb Code     0  _printf_llo.o(.ARM.Collect$$_printf_percent$$00000010)
    _printf_llx                              0x080001c5   Thumb Code     0  _printf_llx.o(.ARM.Collect$$_printf_percent$$00000011)
    _printf_l                                0x080001cb   Thumb Code     0  _printf_l.o(.ARM.Collect$$_printf_percent$$00000012)
    _printf_c                                0x080001d5   Thumb Code     0  _printf_c.o(.ARM.Collect$$_printf_percent$$00000013)
    _printf_s                                0x080001db   Thumb Code     0  _printf_s.o(.ARM.Collect$$_printf_percent$$00000014)
    _printf_lc                               0x080001e1   Thumb Code     0  _printf_lc.o(.ARM.Collect$$_printf_percent$$00000015)
    _printf_ls                               0x080001e7   Thumb Code     0  _printf_ls.o(.ARM.Collect$$_printf_percent$$00000016)
    _printf_percent_end                      0x080001ed   Thumb Code     0  _printf_percent_end.o(.ARM.Collect$$_printf_percent$$00000017)
    __rt_lib_init                            0x080001f1   Thumb Code     0  libinit.o(.ARM.Collect$$libinit$$00000000)
    __rt_lib_init_fp_1                       0x080001f3   Thumb Code     0  libinit2.o(.ARM.Collect$$libinit$$00000002)
    __rt_lib_init_heap_1                     0x080001f3   Thumb Code     0  libinit2.o(.ARM.Collect$$libinit$$0000000A)
    __rt_lib_init_lc_common                  0x080001f3   Thumb Code     0  libinit2.o(.ARM.Collect$$libinit$$0000000F)
    __rt_lib_init_preinit_1                  0x080001f3   Thumb Code     0  libinit2.o(.ARM.Collect$$libinit$$00000004)
    __rt_lib_init_rand_1                     0x080001f3   Thumb Code     0  libinit2.o(.ARM.Collect$$libinit$$0000000E)
    __rt_lib_init_user_alloc_1               0x080001f3   Thumb Code     0  libinit2.o(.ARM.Collect$$libinit$$0000000C)
    __rt_lib_init_lc_collate_1               0x080001f9   Thumb Code     0  libinit2.o(.ARM.Collect$$libinit$$00000011)
    __rt_lib_init_lc_ctype_2                 0x080001f9   Thumb Code     0  libinit2.o(.ARM.Collect$$libinit$$00000012)
    __rt_lib_init_lc_ctype_1                 0x08000205   Thumb Code     0  libinit2.o(.ARM.Collect$$libinit$$00000013)
    __rt_lib_init_lc_monetary_1              0x08000205   Thumb Code     0  libinit2.o(.ARM.Collect$$libinit$$00000015)
    __rt_lib_init_lc_numeric_2               0x08000205   Thumb Code     0  libinit2.o(.ARM.Collect$$libinit$$00000016)
    __rt_lib_init_alloca_1                   0x0800020f   Thumb Code     0  libinit2.o(.ARM.Collect$$libinit$$0000002E)
    __rt_lib_init_argv_1                     0x0800020f   Thumb Code     0  libinit2.o(.ARM.Collect$$libinit$$0000002C)
    __rt_lib_init_atexit_1                   0x0800020f   Thumb Code     0  libinit2.o(.ARM.Collect$$libinit$$0000001B)
    __rt_lib_init_clock_1                    0x0800020f   Thumb Code     0  libinit2.o(.ARM.Collect$$libinit$$00000021)
    __rt_lib_init_cpp_1                      0x0800020f   Thumb Code     0  libinit2.o(.ARM.Collect$$libinit$$00000032)
    __rt_lib_init_exceptions_1               0x0800020f   Thumb Code     0  libinit2.o(.ARM.Collect$$libinit$$00000030)
    __rt_lib_init_fp_trap_1                  0x0800020f   Thumb Code     0  libinit2.o(.ARM.Collect$$libinit$$0000001F)
    __rt_lib_init_getenv_1                   0x0800020f   Thumb Code     0  libinit2.o(.ARM.Collect$$libinit$$00000023)
    __rt_lib_init_lc_numeric_1               0x0800020f   Thumb Code     0  libinit2.o(.ARM.Collect$$libinit$$00000017)
    __rt_lib_init_lc_time_1                  0x0800020f   Thumb Code     0  libinit2.o(.ARM.Collect$$libinit$$00000019)
    __rt_lib_init_return                     0x0800020f   Thumb Code     0  libinit2.o(.ARM.Collect$$libinit$$00000033)
    __rt_lib_init_signal_1                   0x0800020f   Thumb Code     0  libinit2.o(.ARM.Collect$$libinit$$0000001D)
    __rt_lib_init_stdio_1                    0x0800020f   Thumb Code     0  libinit2.o(.ARM.Collect$$libinit$$00000025)
    __rt_lib_shutdown                        0x08000211   Thumb Code     0  libshutdown.o(.ARM.Collect$$libshutdown$$00000000)
    __rt_lib_shutdown_fp_trap_1              0x08000213   Thumb Code     0  libshutdown2.o(.ARM.Collect$$libshutdown$$00000006)
    __rt_lib_shutdown_heap_1                 0x08000213   Thumb Code     0  libshutdown2.o(.ARM.Collect$$libshutdown$$0000000E)
    __rt_lib_shutdown_return                 0x08000213   Thumb Code     0  libshutdown2.o(.ARM.Collect$$libshutdown$$0000000F)
    __rt_lib_shutdown_signal_1               0x08000213   Thumb Code     0  libshutdown2.o(.ARM.Collect$$libshutdown$$00000009)
    __rt_lib_shutdown_stdio_1                0x08000213   Thumb Code     0  libshutdown2.o(.ARM.Collect$$libshutdown$$00000003)
    __rt_lib_shutdown_user_alloc_1           0x08000213   Thumb Code     0  libshutdown2.o(.ARM.Collect$$libshutdown$$0000000B)
    __rt_entry                               0x08000215   Thumb Code     0  __rtentry.o(.ARM.Collect$$rtentry$$00000000)
    __rt_entry_presh_1                       0x08000215   Thumb Code     0  __rtentry2.o(.ARM.Collect$$rtentry$$00000002)
    __rt_entry_sh                            0x08000215   Thumb Code     0  __rtentry4.o(.ARM.Collect$$rtentry$$00000004)
    __rt_entry_li                            0x0800021b   Thumb Code     0  __rtentry2.o(.ARM.Collect$$rtentry$$0000000A)
    __rt_entry_postsh_1                      0x0800021b   Thumb Code     0  __rtentry2.o(.ARM.Collect$$rtentry$$00000009)
    __rt_entry_main                          0x0800021f   Thumb Code     0  __rtentry2.o(.ARM.Collect$$rtentry$$0000000D)
    __rt_entry_postli_1                      0x0800021f   Thumb Code     0  __rtentry2.o(.ARM.Collect$$rtentry$$0000000C)
    __rt_exit                                0x08000227   Thumb Code     0  rtexit.o(.ARM.Collect$$rtexit$$00000000)
    __rt_exit_ls                             0x08000229   Thumb Code     0  rtexit2.o(.ARM.Collect$$rtexit$$00000003)
    __rt_exit_prels_1                        0x08000229   Thumb Code     0  rtexit2.o(.ARM.Collect$$rtexit$$00000002)
    __rt_exit_exit                           0x0800022d   Thumb Code     0  rtexit2.o(.ARM.Collect$$rtexit$$00000004)
    main                                     0x08000235   Thumb Code   116  main.o(.text)
    NMI_Handler                              0x08000315   Thumb Code     2  stm32f10x_it.o(.text)
    HardFault_Handler                        0x08000317   Thumb Code     4  stm32f10x_it.o(.text)
    MemManage_Handler                        0x0800031b   Thumb Code     4  stm32f10x_it.o(.text)
    BusFault_Handler                         0x0800031f   Thumb Code     4  stm32f10x_it.o(.text)
    UsageFault_Handler                       0x08000323   Thumb Code     4  stm32f10x_it.o(.text)
    SVC_Handler                              0x08000327   Thumb Code     2  stm32f10x_it.o(.text)
    DebugMon_Handler                         0x08000329   Thumb Code     2  stm32f10x_it.o(.text)
    PendSV_Handler                           0x0800032b   Thumb Code     2  stm32f10x_it.o(.text)
    SysTick_Handler                          0x0800032d   Thumb Code     2  stm32f10x_it.o(.text)
    EXTIX_Init                               0x0800032f   Thumb Code    70  exti.o(.text)
    EXTI1_IRQHandler                         0x08000375   Thumb Code    18  exti.o(.text)
    LED_Init                                 0x08000389   Thumb Code    50  led.o(.text)
    TIM4_SetARR                              0x080003c1   Thumb Code    36  timer.o(.text)
    TIM4_Int_Init                            0x080003e5   Thumb Code    90  timer.o(.text)
    TIM4_IRQHandler                          0x0800043f   Thumb Code    42  timer.o(.text)
    delay_init                               0x08000471   Thumb Code    66  delay.o(.text)
    delay_us                                 0x080004b3   Thumb Code    72  delay.o(.text)
    delay_ms                                 0x080004fb   Thumb Code    72  delay.o(.text)
    _sys_exit                                0x0800055d   Thumb Code     4  usart.o(.text)
    fputc                                    0x08000561   Thumb Code    24  usart.o(.text)
    uart1_init                               0x08000579   Thumb Code   152  usart.o(.text)
    USART1_IRQHandler                        0x08000611   Thumb Code    24  usart.o(.text)
    uart2_init                               0x08000629   Thumb Code   184  usart.o(.text)
    USART2_IRQHandler                        0x080006e1   Thumb Code    32  usart.o(.text)
    USART3_IRQHandler                        0x0800070d   Thumb Code   100  usart3.o(.text)
    usart3_init                              0x08000771   Thumb Code   178  usart3.o(.text)
    u3_printf                                0x08000823   Thumb Code    72  usart3.o(.text)
    usart3_set                               0x0800086b   Thumb Code   182  usart3.o(.text)
    usart3_rx                                0x08000921   Thumb Code    46  usart3.o(.text)
    Reset_Handler                            0x08000975   Thumb Code     4  startup_stm32f10x_md.o(.text)
    ADC1_2_IRQHandler                        0x0800098b   Thumb Code     0  startup_stm32f10x_md.o(.text)
    CAN1_RX1_IRQHandler                      0x0800098b   Thumb Code     0  startup_stm32f10x_md.o(.text)
    CAN1_SCE_IRQHandler                      0x0800098b   Thumb Code     0  startup_stm32f10x_md.o(.text)
    DMA1_Channel1_IRQHandler                 0x0800098b   Thumb Code     0  startup_stm32f10x_md.o(.text)
    DMA1_Channel2_IRQHandler                 0x0800098b   Thumb Code     0  startup_stm32f10x_md.o(.text)
    DMA1_Channel3_IRQHandler                 0x0800098b   Thumb Code     0  startup_stm32f10x_md.o(.text)
    DMA1_Channel4_IRQHandler                 0x0800098b   Thumb Code     0  startup_stm32f10x_md.o(.text)
    DMA1_Channel5_IRQHandler                 0x0800098b   Thumb Code     0  startup_stm32f10x_md.o(.text)
    DMA1_Channel6_IRQHandler                 0x0800098b   Thumb Code     0  startup_stm32f10x_md.o(.text)
    DMA1_Channel7_IRQHandler                 0x0800098b   Thumb Code     0  startup_stm32f10x_md.o(.text)
    EXTI0_IRQHandler                         0x0800098b   Thumb Code     0  startup_stm32f10x_md.o(.text)
    EXTI15_10_IRQHandler                     0x0800098b   Thumb Code     0  startup_stm32f10x_md.o(.text)
    EXTI2_IRQHandler                         0x0800098b   Thumb Code     0  startup_stm32f10x_md.o(.text)
    EXTI3_IRQHandler                         0x0800098b   Thumb Code     0  startup_stm32f10x_md.o(.text)
    EXTI9_5_IRQHandler                       0x0800098b   Thumb Code     0  startup_stm32f10x_md.o(.text)
    FLASH_IRQHandler                         0x0800098b   Thumb Code     0  startup_stm32f10x_md.o(.text)
    I2C1_ER_IRQHandler                       0x0800098b   Thumb Code     0  startup_stm32f10x_md.o(.text)
    I2C1_EV_IRQHandler                       0x0800098b   Thumb Code     0  startup_stm32f10x_md.o(.text)
    I2C2_ER_IRQHandler                       0x0800098b   Thumb Code     0  startup_stm32f10x_md.o(.text)
    I2C2_EV_IRQHandler                       0x0800098b   Thumb Code     0  startup_stm32f10x_md.o(.text)
    PVD_IRQHandler                           0x0800098b   Thumb Code     0  startup_stm32f10x_md.o(.text)
    RCC_IRQHandler                           0x0800098b   Thumb Code     0  startup_stm32f10x_md.o(.text)
    RTCAlarm_IRQHandler                      0x0800098b   Thumb Code     0  startup_stm32f10x_md.o(.text)
    RTC_IRQHandler                           0x0800098b   Thumb Code     0  startup_stm32f10x_md.o(.text)
    SPI1_IRQHandler                          0x0800098b   Thumb Code     0  startup_stm32f10x_md.o(.text)
    SPI2_IRQHandler                          0x0800098b   Thumb Code     0  startup_stm32f10x_md.o(.text)
    TAMPER_IRQHandler                        0x0800098b   Thumb Code     0  startup_stm32f10x_md.o(.text)
    TIM1_BRK_IRQHandler                      0x0800098b   Thumb Code     0  startup_stm32f10x_md.o(.text)
    TIM1_CC_IRQHandler                       0x0800098b   Thumb Code     0  startup_stm32f10x_md.o(.text)
    TIM1_TRG_COM_IRQHandler                  0x0800098b   Thumb Code     0  startup_stm32f10x_md.o(.text)
    TIM1_UP_IRQHandler                       0x0800098b   Thumb Code     0  startup_stm32f10x_md.o(.text)
    TIM2_IRQHandler                          0x0800098b   Thumb Code     0  startup_stm32f10x_md.o(.text)
    TIM3_IRQHandler                          0x0800098b   Thumb Code     0  startup_stm32f10x_md.o(.text)
    USBWakeUp_IRQHandler                     0x0800098b   Thumb Code     0  startup_stm32f10x_md.o(.text)
    USB_HP_CAN1_TX_IRQHandler                0x0800098b   Thumb Code     0  startup_stm32f10x_md.o(.text)
    USB_LP_CAN1_RX0_IRQHandler               0x0800098b   Thumb Code     0  startup_stm32f10x_md.o(.text)
    WWDG_IRQHandler                          0x0800098b   Thumb Code     0  startup_stm32f10x_md.o(.text)
    __user_initial_stackheap                 0x0800098d   Thumb Code     0  startup_stm32f10x_md.o(.text)
    NVIC_PriorityGroupConfig                 0x080009ad   Thumb Code    10  misc.o(.text)
    NVIC_Init                                0x080009b7   Thumb Code   100  misc.o(.text)
    NVIC_SetVectorTable                      0x08000a1b   Thumb Code    14  misc.o(.text)
    NVIC_SystemLPConfig                      0x08000a29   Thumb Code    34  misc.o(.text)
    SysTick_CLKSourceConfig                  0x08000a4b   Thumb Code    40  misc.o(.text)
    GPIO_DeInit                              0x08000a89   Thumb Code   172  stm32f10x_gpio.o(.text)
    GPIO_AFIODeInit                          0x08000b35   Thumb Code    20  stm32f10x_gpio.o(.text)
    GPIO_Init                                0x08000b49   Thumb Code   278  stm32f10x_gpio.o(.text)
    GPIO_StructInit                          0x08000c5f   Thumb Code    16  stm32f10x_gpio.o(.text)
    GPIO_ReadInputDataBit                    0x08000c6f   Thumb Code    18  stm32f10x_gpio.o(.text)
    GPIO_ReadInputData                       0x08000c81   Thumb Code     8  stm32f10x_gpio.o(.text)
    GPIO_ReadOutputDataBit                   0x08000c89   Thumb Code    18  stm32f10x_gpio.o(.text)
    GPIO_ReadOutputData                      0x08000c9b   Thumb Code     8  stm32f10x_gpio.o(.text)
    GPIO_SetBits                             0x08000ca3   Thumb Code     4  stm32f10x_gpio.o(.text)
    GPIO_ResetBits                           0x08000ca7   Thumb Code     4  stm32f10x_gpio.o(.text)
    GPIO_WriteBit                            0x08000cab   Thumb Code    10  stm32f10x_gpio.o(.text)
    GPIO_Write                               0x08000cb5   Thumb Code     4  stm32f10x_gpio.o(.text)
    GPIO_PinLockConfig                       0x08000cb9   Thumb Code    18  stm32f10x_gpio.o(.text)
    GPIO_EventOutputConfig                   0x08000ccb   Thumb Code    26  stm32f10x_gpio.o(.text)
    GPIO_EventOutputCmd                      0x08000ce5   Thumb Code     6  stm32f10x_gpio.o(.text)
    GPIO_PinRemapConfig                      0x08000ceb   Thumb Code   138  stm32f10x_gpio.o(.text)
    GPIO_EXTILineConfig                      0x08000d75   Thumb Code    66  stm32f10x_gpio.o(.text)
    GPIO_ETH_MediaInterfaceConfig            0x08000db7   Thumb Code     8  stm32f10x_gpio.o(.text)
    RCC_DeInit                               0x08000de5   Thumb Code    64  stm32f10x_rcc.o(.text)
    RCC_HSEConfig                            0x08000e25   Thumb Code    70  stm32f10x_rcc.o(.text)
    RCC_GetFlagStatus                        0x08000e6b   Thumb Code    56  stm32f10x_rcc.o(.text)
    RCC_WaitForHSEStartUp                    0x08000ea3   Thumb Code    56  stm32f10x_rcc.o(.text)
    RCC_AdjustHSICalibrationValue            0x08000edb   Thumb Code    20  stm32f10x_rcc.o(.text)
    RCC_HSICmd                               0x08000eef   Thumb Code     6  stm32f10x_rcc.o(.text)
    RCC_PLLConfig                            0x08000ef5   Thumb Code    24  stm32f10x_rcc.o(.text)
    RCC_PLLCmd                               0x08000f0d   Thumb Code     6  stm32f10x_rcc.o(.text)
    RCC_SYSCLKConfig                         0x08000f13   Thumb Code    18  stm32f10x_rcc.o(.text)
    RCC_GetSYSCLKSource                      0x08000f25   Thumb Code    10  stm32f10x_rcc.o(.text)
    RCC_HCLKConfig                           0x08000f2f   Thumb Code    18  stm32f10x_rcc.o(.text)
    RCC_PCLK1Config                          0x08000f41   Thumb Code    18  stm32f10x_rcc.o(.text)
    RCC_PCLK2Config                          0x08000f53   Thumb Code    20  stm32f10x_rcc.o(.text)
    RCC_ITConfig                             0x08000f67   Thumb Code    26  stm32f10x_rcc.o(.text)
    RCC_USBCLKConfig                         0x08000f81   Thumb Code     8  stm32f10x_rcc.o(.text)
    RCC_ADCCLKConfig                         0x08000f89   Thumb Code    18  stm32f10x_rcc.o(.text)
    RCC_LSEConfig                            0x08000f9b   Thumb Code    50  stm32f10x_rcc.o(.text)
    RCC_LSICmd                               0x08000fcd   Thumb Code     6  stm32f10x_rcc.o(.text)
    RCC_RTCCLKConfig                         0x08000fd3   Thumb Code    12  stm32f10x_rcc.o(.text)
    RCC_RTCCLKCmd                            0x08000fdf   Thumb Code     8  stm32f10x_rcc.o(.text)
    RCC_GetClocksFreq                        0x08000fe7   Thumb Code   192  stm32f10x_rcc.o(.text)
    RCC_AHBPeriphClockCmd                    0x080010a7   Thumb Code    26  stm32f10x_rcc.o(.text)
    RCC_APB2PeriphClockCmd                   0x080010c1   Thumb Code    26  stm32f10x_rcc.o(.text)
    RCC_APB1PeriphClockCmd                   0x080010db   Thumb Code    26  stm32f10x_rcc.o(.text)
    RCC_APB2PeriphResetCmd                   0x080010f5   Thumb Code    26  stm32f10x_rcc.o(.text)
    RCC_APB1PeriphResetCmd                   0x0800110f   Thumb Code    26  stm32f10x_rcc.o(.text)
    RCC_BackupResetCmd                       0x08001129   Thumb Code     8  stm32f10x_rcc.o(.text)
    RCC_ClockSecuritySystemCmd               0x08001131   Thumb Code     6  stm32f10x_rcc.o(.text)
    RCC_MCOConfig                            0x08001137   Thumb Code     6  stm32f10x_rcc.o(.text)
    RCC_ClearFlag                            0x0800113d   Thumb Code    14  stm32f10x_rcc.o(.text)
    RCC_GetITStatus                          0x0800114b   Thumb Code    20  stm32f10x_rcc.o(.text)
    RCC_ClearITPendingBit                    0x0800115f   Thumb Code     6  stm32f10x_rcc.o(.text)
    USART_DeInit                             0x08001189   Thumb Code   134  stm32f10x_usart.o(.text)
    USART_Init                               0x0800120f   Thumb Code   210  stm32f10x_usart.o(.text)
    USART_StructInit                         0x080012e1   Thumb Code    24  stm32f10x_usart.o(.text)
    USART_ClockInit                          0x080012f9   Thumb Code    34  stm32f10x_usart.o(.text)
    USART_ClockStructInit                    0x0800131b   Thumb Code    12  stm32f10x_usart.o(.text)
    USART_Cmd                                0x08001327   Thumb Code    24  stm32f10x_usart.o(.text)
    USART_ITConfig                           0x0800133f   Thumb Code    74  stm32f10x_usart.o(.text)
    USART_DMACmd                             0x08001389   Thumb Code    18  stm32f10x_usart.o(.text)
    USART_SetAddress                         0x0800139b   Thumb Code    18  stm32f10x_usart.o(.text)
    USART_WakeUpConfig                       0x080013ad   Thumb Code    18  stm32f10x_usart.o(.text)
    USART_ReceiverWakeUpCmd                  0x080013bf   Thumb Code    24  stm32f10x_usart.o(.text)
    USART_LINBreakDetectLengthConfig         0x080013d7   Thumb Code    18  stm32f10x_usart.o(.text)
    USART_LINCmd                             0x080013e9   Thumb Code    24  stm32f10x_usart.o(.text)
    USART_SendData                           0x08001401   Thumb Code     8  stm32f10x_usart.o(.text)
    USART_ReceiveData                        0x08001409   Thumb Code    10  stm32f10x_usart.o(.text)
    USART_SendBreak                          0x08001413   Thumb Code    10  stm32f10x_usart.o(.text)
    USART_SetGuardTime                       0x0800141d   Thumb Code    16  stm32f10x_usart.o(.text)
    USART_SetPrescaler                       0x0800142d   Thumb Code    16  stm32f10x_usart.o(.text)
    USART_SmartCardCmd                       0x0800143d   Thumb Code    24  stm32f10x_usart.o(.text)
    USART_SmartCardNACKCmd                   0x08001455   Thumb Code    24  stm32f10x_usart.o(.text)
    USART_HalfDuplexCmd                      0x0800146d   Thumb Code    24  stm32f10x_usart.o(.text)
    USART_OverSampling8Cmd                   0x08001485   Thumb Code    22  stm32f10x_usart.o(.text)
    USART_OneBitMethodCmd                    0x0800149b   Thumb Code    24  stm32f10x_usart.o(.text)
    USART_IrDAConfig                         0x080014b3   Thumb Code    18  stm32f10x_usart.o(.text)
    USART_IrDACmd                            0x080014c5   Thumb Code    24  stm32f10x_usart.o(.text)
    USART_GetFlagStatus                      0x080014dd   Thumb Code    26  stm32f10x_usart.o(.text)
    USART_ClearFlag                          0x080014f7   Thumb Code    18  stm32f10x_usart.o(.text)
    USART_GetITStatus                        0x08001509   Thumb Code    84  stm32f10x_usart.o(.text)
    USART_ClearITPendingBit                  0x0800155d   Thumb Code    52  stm32f10x_usart.o(.text)
    TIM_DeInit                               0x08001591   Thumb Code   424  stm32f10x_tim.o(.text)
    TIM_TimeBaseInit                         0x08001739   Thumb Code   122  stm32f10x_tim.o(.text)
    TIM_OC1Init                              0x080017b3   Thumb Code   132  stm32f10x_tim.o(.text)
    TIM_OC2Init                              0x08001837   Thumb Code   154  stm32f10x_tim.o(.text)
    TIM_OC3Init                              0x080018d1   Thumb Code   150  stm32f10x_tim.o(.text)
    TIM_OC4Init                              0x08001967   Thumb Code   182  stm32f10x_tim.o(.text)
    TIM_SetIC4Prescaler                      0x08001a1d   Thumb Code    26  stm32f10x_tim.o(.text)
    TIM_SetIC3Prescaler                      0x08001ab9   Thumb Code    18  stm32f10x_tim.o(.text)
    TIM_SetIC2Prescaler                      0x08001b45   Thumb Code    26  stm32f10x_tim.o(.text)
    TIM_SetIC1Prescaler                      0x08001be1   Thumb Code    18  stm32f10x_tim.o(.text)
    TIM_ICInit                               0x08001c5f   Thumb Code   150  stm32f10x_tim.o(.text)
    TIM_PWMIConfig                           0x08001cf5   Thumb Code   124  stm32f10x_tim.o(.text)
    TIM_BDTRConfig                           0x08001d71   Thumb Code    32  stm32f10x_tim.o(.text)
    TIM_TimeBaseStructInit                   0x08001d91   Thumb Code    18  stm32f10x_tim.o(.text)
    TIM_OCStructInit                         0x08001da3   Thumb Code    20  stm32f10x_tim.o(.text)
    TIM_ICStructInit                         0x08001db7   Thumb Code    18  stm32f10x_tim.o(.text)
    TIM_BDTRStructInit                       0x08001dc9   Thumb Code    40  stm32f10x_tim.o(.text)
    TIM_Cmd                                  0x08001df1   Thumb Code    24  stm32f10x_tim.o(.text)
    TIM_CtrlPWMOutputs                       0x08001e09   Thumb Code    30  stm32f10x_tim.o(.text)
    TIM_ITConfig                             0x08001e27   Thumb Code    18  stm32f10x_tim.o(.text)
    TIM_GenerateEvent                        0x08001e39   Thumb Code     4  stm32f10x_tim.o(.text)
    TIM_DMAConfig                            0x08001e3d   Thumb Code    10  stm32f10x_tim.o(.text)
    TIM_DMACmd                               0x08001e47   Thumb Code    18  stm32f10x_tim.o(.text)
    TIM_InternalClockConfig                  0x08001e59   Thumb Code    12  stm32f10x_tim.o(.text)
    TIM_SelectInputTrigger                   0x08001e65   Thumb Code    18  stm32f10x_tim.o(.text)
    TIM_ITRxExternalClockConfig              0x08001e77   Thumb Code    24  stm32f10x_tim.o(.text)
    TIM_TIxExternalClockConfig               0x08001e8f   Thumb Code    62  stm32f10x_tim.o(.text)
    TIM_ETRConfig                            0x08001ecd   Thumb Code    28  stm32f10x_tim.o(.text)
    TIM_ETRClockMode1Config                  0x08001ee9   Thumb Code    54  stm32f10x_tim.o(.text)
    TIM_ETRClockMode2Config                  0x08001f1f   Thumb Code    32  stm32f10x_tim.o(.text)
    TIM_PrescalerConfig                      0x08001f3f   Thumb Code     6  stm32f10x_tim.o(.text)
    TIM_CounterModeConfig                    0x08001f45   Thumb Code    18  stm32f10x_tim.o(.text)
    TIM_EncoderInterfaceConfig               0x08001f57   Thumb Code    66  stm32f10x_tim.o(.text)
    TIM_ForcedOC1Config                      0x08001f99   Thumb Code    18  stm32f10x_tim.o(.text)
    TIM_ForcedOC2Config                      0x08001fab   Thumb Code    26  stm32f10x_tim.o(.text)
    TIM_ForcedOC3Config                      0x08001fc5   Thumb Code    18  stm32f10x_tim.o(.text)
    TIM_ForcedOC4Config                      0x08001fd7   Thumb Code    26  stm32f10x_tim.o(.text)
    TIM_ARRPreloadConfig                     0x08001ff1   Thumb Code    24  stm32f10x_tim.o(.text)
    TIM_SelectCOM                            0x08002009   Thumb Code    24  stm32f10x_tim.o(.text)
    TIM_SelectCCDMA                          0x08002021   Thumb Code    24  stm32f10x_tim.o(.text)
    TIM_CCPreloadControl                     0x08002039   Thumb Code    24  stm32f10x_tim.o(.text)
    TIM_OC1PreloadConfig                     0x08002051   Thumb Code    18  stm32f10x_tim.o(.text)
    TIM_OC2PreloadConfig                     0x08002063   Thumb Code    26  stm32f10x_tim.o(.text)
    TIM_OC3PreloadConfig                     0x0800207d   Thumb Code    18  stm32f10x_tim.o(.text)
    TIM_OC4PreloadConfig                     0x0800208f   Thumb Code    26  stm32f10x_tim.o(.text)
    TIM_OC1FastConfig                        0x080020a9   Thumb Code    18  stm32f10x_tim.o(.text)
    TIM_OC2FastConfig                        0x080020bb   Thumb Code    26  stm32f10x_tim.o(.text)
    TIM_OC3FastConfig                        0x080020d5   Thumb Code    18  stm32f10x_tim.o(.text)
    TIM_OC4FastConfig                        0x080020e7   Thumb Code    26  stm32f10x_tim.o(.text)
    TIM_ClearOC1Ref                          0x08002101   Thumb Code    18  stm32f10x_tim.o(.text)
    TIM_ClearOC2Ref                          0x08002113   Thumb Code    24  stm32f10x_tim.o(.text)
    TIM_ClearOC3Ref                          0x0800212b   Thumb Code    18  stm32f10x_tim.o(.text)
    TIM_ClearOC4Ref                          0x0800213d   Thumb Code    24  stm32f10x_tim.o(.text)
    TIM_OC1PolarityConfig                    0x08002155   Thumb Code    18  stm32f10x_tim.o(.text)
    TIM_OC1NPolarityConfig                   0x08002167   Thumb Code    18  stm32f10x_tim.o(.text)
    TIM_OC2PolarityConfig                    0x08002179   Thumb Code    26  stm32f10x_tim.o(.text)
    TIM_OC2NPolarityConfig                   0x08002193   Thumb Code    26  stm32f10x_tim.o(.text)
    TIM_OC3PolarityConfig                    0x080021ad   Thumb Code    26  stm32f10x_tim.o(.text)
    TIM_OC3NPolarityConfig                   0x080021c7   Thumb Code    26  stm32f10x_tim.o(.text)
    TIM_OC4PolarityConfig                    0x080021e1   Thumb Code    26  stm32f10x_tim.o(.text)
    TIM_CCxCmd                               0x080021fb   Thumb Code    30  stm32f10x_tim.o(.text)
    TIM_CCxNCmd                              0x08002219   Thumb Code    30  stm32f10x_tim.o(.text)
    TIM_SelectOCxM                           0x08002237   Thumb Code    82  stm32f10x_tim.o(.text)
    TIM_UpdateDisableConfig                  0x08002289   Thumb Code    24  stm32f10x_tim.o(.text)
    TIM_UpdateRequestConfig                  0x080022a1   Thumb Code    24  stm32f10x_tim.o(.text)
    TIM_SelectHallSensor                     0x080022b9   Thumb Code    24  stm32f10x_tim.o(.text)
    TIM_SelectOnePulseMode                   0x080022d1   Thumb Code    18  stm32f10x_tim.o(.text)
    TIM_SelectOutputTrigger                  0x080022e3   Thumb Code    18  stm32f10x_tim.o(.text)
    TIM_SelectSlaveMode                      0x080022f5   Thumb Code    18  stm32f10x_tim.o(.text)
    TIM_SelectMasterSlaveMode                0x08002307   Thumb Code    18  stm32f10x_tim.o(.text)
    TIM_SetCounter                           0x08002319   Thumb Code     4  stm32f10x_tim.o(.text)
    TIM_SetAutoreload                        0x0800231d   Thumb Code     4  stm32f10x_tim.o(.text)
    TIM_SetCompare1                          0x08002321   Thumb Code     4  stm32f10x_tim.o(.text)
    TIM_SetCompare2                          0x08002325   Thumb Code     4  stm32f10x_tim.o(.text)
    TIM_SetCompare3                          0x08002329   Thumb Code     4  stm32f10x_tim.o(.text)
    TIM_SetCompare4                          0x0800232d   Thumb Code     6  stm32f10x_tim.o(.text)
    TIM_SetClockDivision                     0x08002333   Thumb Code    18  stm32f10x_tim.o(.text)
    TIM_GetCapture1                          0x08002345   Thumb Code     6  stm32f10x_tim.o(.text)
    TIM_GetCapture2                          0x0800234b   Thumb Code     6  stm32f10x_tim.o(.text)
    TIM_GetCapture3                          0x08002351   Thumb Code     6  stm32f10x_tim.o(.text)
    TIM_GetCapture4                          0x08002357   Thumb Code     8  stm32f10x_tim.o(.text)
    TIM_GetCounter                           0x0800235f   Thumb Code     6  stm32f10x_tim.o(.text)
    TIM_GetPrescaler                         0x08002365   Thumb Code     6  stm32f10x_tim.o(.text)
    TIM_GetFlagStatus                        0x0800236b   Thumb Code    18  stm32f10x_tim.o(.text)
    TIM_ClearFlag                            0x0800237d   Thumb Code     6  stm32f10x_tim.o(.text)
    TIM_GetITStatus                          0x08002383   Thumb Code    34  stm32f10x_tim.o(.text)
    TIM_ClearITPendingBit                    0x080023a5   Thumb Code     6  stm32f10x_tim.o(.text)
    EXTI_DeInit                              0x080023ad   Thumb Code    28  stm32f10x_exti.o(.text)
    EXTI_Init                                0x080023c9   Thumb Code   142  stm32f10x_exti.o(.text)
    EXTI_StructInit                          0x08002457   Thumb Code    16  stm32f10x_exti.o(.text)
    EXTI_GenerateSWInterrupt                 0x08002467   Thumb Code    16  stm32f10x_exti.o(.text)
    EXTI_GetFlagStatus                       0x08002477   Thumb Code    22  stm32f10x_exti.o(.text)
    EXTI_ClearFlag                           0x0800248d   Thumb Code     8  stm32f10x_exti.o(.text)
    EXTI_GetITStatus                         0x08002495   Thumb Code    34  stm32f10x_exti.o(.text)
    EXTI_ClearITPendingBit                   0x080024b7   Thumb Code     8  stm32f10x_exti.o(.text)
    Aux_Int                                  0x080024c9   Thumb Code    68  lora_app.o(.text)
    EXTI4_IRQHandler                         0x0800250d   Thumb Code   118  lora_app.o(.text)
    lora_check_cmd                           0x08002583   Thumb Code    52  lora_app.o(.text)
    lora_send_cmd                            0x080025b7   Thumb Code   110  lora_app.o(.text)
    LoRa_Init                                0x08002625   Thumb Code   218  lora_app.o(.text)
    LoRa_Set                                 0x080026ff   Thumb Code   274  lora_app.o(.text)
    LoRa_SendData                            0x08002811   Thumb Code   490  lora_app.o(.text)
    __use_no_semihosting                     0x08002a09   Thumb Code     2  use_no_semi_2.o(.text)
    vsprintf                                 0x08002a0d   Thumb Code    32  vsprintf.o(.text)
    __2printf                                0x08002a31   Thumb Code    20  __2printf.o(.text)
    __2sprintf                               0x08002a49   Thumb Code    38  __2sprintf.o(.text)
    _printf_pre_padding                      0x08002a75   Thumb Code    44  _printf_pad.o(.text)
    _printf_post_padding                     0x08002aa1   Thumb Code    34  _printf_pad.o(.text)
    _printf_str                              0x08002ac3   Thumb Code    82  _printf_str.o(.text)
    _printf_int_dec                          0x08002b15   Thumb Code   104  _printf_dec.o(.text)
    _printf_longlong_hex                     0x08002b8d   Thumb Code    86  _printf_hex_int_ll_ptr.o(.text)
    _printf_int_hex                          0x08002be3   Thumb Code    28  _printf_hex_int_ll_ptr.o(.text)
    _printf_ll_hex                           0x08002bff   Thumb Code    12  _printf_hex_int_ll_ptr.o(.text)
    _printf_hex_ptr                          0x08002c0b   Thumb Code    18  _printf_hex_int_ll_ptr.o(.text)
    __printf                                 0x08002c21   Thumb Code   388  __printf_flags_ss_wp.o(.text)
    strstr                                   0x08002da9   Thumb Code    36  strstr.o(.text)
    strlen                                   0x08002dcd   Thumb Code    62  strlen.o(.text)
    __use_two_region_memory                  0x08002e0b   Thumb Code     2  heapauxi.o(.text)
    __rt_heap_escrow$2region                 0x08002e0d   Thumb Code     2  heapauxi.o(.text)
    __rt_heap_expand$2region                 0x08002e0f   Thumb Code     2  heapauxi.o(.text)
    __I$use$semihosting                      0x08002e11   Thumb Code     0  use_no_semi.o(.text)
    __use_no_semihosting_swi                 0x08002e11   Thumb Code     2  use_no_semi.o(.text)
    _printf_truncate_signed                  0x08002e13   Thumb Code    18  _printf_truncate.o(.text)
    _printf_truncate_unsigned                0x08002e25   Thumb Code    18  _printf_truncate.o(.text)
    _printf_int_common                       0x08002e37   Thumb Code   178  _printf_intcommon.o(.text)
    _printf_charcount                        0x08002ee9   Thumb Code    40  _printf_charcount.o(.text)
    _printf_char_common                      0x08002f1b   Thumb Code    32  _printf_char_common.o(.text)
    _sputc                                   0x08002f41   Thumb Code    10  _sputc.o(.text)
    _printf_cs_common                        0x08002f4b   Thumb Code    20  _printf_char.o(.text)
    _printf_char                             0x08002f5f   Thumb Code    16  _printf_char.o(.text)
    _printf_string                           0x08002f6f   Thumb Code     8  _printf_char.o(.text)
    _printf_char_file                        0x08002f79   Thumb Code    32  _printf_char_file.o(.text)
    _printf_wctomb                           0x08002f9d   Thumb Code   182  _printf_wctomb.o(.text)
    _printf_longlong_dec                     0x08003059   Thumb Code   108  _printf_longlong_dec.o(.text)
    _printf_longlong_oct                     0x080030d5   Thumb Code    68  _printf_oct_int_ll.o(.text)
    _printf_int_oct                          0x08003119   Thumb Code    24  _printf_oct_int_ll.o(.text)
    _printf_ll_oct                           0x08003131   Thumb Code    12  _printf_oct_int_ll.o(.text)
    _ll_udiv10                               0x08003145   Thumb Code   138  lludiv10.o(.text)
    __lib_sel_fp_printf                      0x080031cf   Thumb Code     2  _printf_fp_dec.o(.text)
    _printf_fp_dec_real                      0x0800337d   Thumb Code   620  _printf_fp_dec.o(.text)
    _printf_fp_hex_real                      0x080035e9   Thumb Code   754  _printf_fp_hex.o(.text)
    _printf_lcs_common                       0x080038e5   Thumb Code    20  _printf_wchar.o(.text)
    _printf_wchar                            0x080038f9   Thumb Code    16  _printf_wchar.o(.text)
    _printf_wstring                          0x08003909   Thumb Code     8  _printf_wchar.o(.text)
    ferror                                   0x08003911   Thumb Code     8  ferror.o(.text)
    _wcrtomb                                 0x08003919   Thumb Code    64  _wcrtomb.o(.text)
    __user_setup_stackheap                   0x08003959   Thumb Code    74  sys_stackheap_outer.o(.text)
    __rt_ctype_table                         0x080039a5   Thumb Code    16  rt_ctype_table.o(.text)
    __rt_locale                              0x080039b5   Thumb Code     8  rt_locale_intlibspace.o(.text)
    _printf_fp_infnan                        0x080039bd   Thumb Code   112  _printf_fp_infnan.o(.text)
    _btod_etento                             0x08003a3d   Thumb Code   216  bigflt0.o(.text)
    exit                                     0x08003b19   Thumb Code    12  exit.o(.text)
    __user_libspace                          0x08003b25   Thumb Code     8  libspace.o(.text)
    __user_perproc_libspace                  0x08003b25   Thumb Code     0  libspace.o(.text)
    __user_perthread_libspace                0x08003b25   Thumb Code     0  libspace.o(.text)
    strcmp                                   0x08003b2d   Thumb Code   128  strcmpv7m.o(.text)
    _btod_d2e                                0x08003bad   Thumb Code    62  btod.o(CL$$btod_d2e)
    _d2e_denorm_low                          0x08003beb   Thumb Code    70  btod.o(CL$$btod_d2e_denorm_low)
    _d2e_norm_op1                            0x08003c31   Thumb Code    96  btod.o(CL$$btod_d2e_norm_op1)
    __btod_div_common                        0x08003c91   Thumb Code   696  btod.o(CL$$btod_div_common)
    _e2e                                     0x08003fc9   Thumb Code   198  btod.o(CL$$btod_e2e)
    _btod_ediv                               0x0800408f   Thumb Code    40  btod.o(CL$$btod_ediv)
    _btod_emul                               0x080040b7   Thumb Code    40  btod.o(CL$$btod_emul)
    __btod_mult_common                       0x080040df   Thumb Code   580  btod.o(CL$$btod_mult_common)
    __ARM_fpclassify                         0x08004323   Thumb Code    40  fpclassify.o(i.__ARM_fpclassify)
    _is_digit                                0x0800434b   Thumb Code    14  __printf_wp.o(i._is_digit)
    _get_lc_numeric                          0x08004359   Thumb Code    44  lc_numeric_c.o(locale$$code)
    _get_lc_ctype                            0x08004385   Thumb Code    44  lc_ctype_c.o(locale$$code)
    _printf_fp_dec                           0x080043b1   Thumb Code     4  printf1.o(x$fpl$printf1)
    _printf_fp_hex                           0x080043b5   Thumb Code     4  printf2.o(x$fpl$printf2)
    __I$use$fp                               0x080043b8   Number         0  usenofp.o(x$fpl$usenofp)
    Region$$Table$$Base                      0x080044b8   Number         0  anon$$obj.o(Region$$Table)
    Region$$Table$$Limit                     0x080044d8   Number         0  anon$$obj.o(Region$$Table)
    __ctype                                  0x08004501   Data           0  lc_ctype_c.o(locale$$data)
    SystemCoreClock                          0x20000000   Data           4  system_stm32f10x.o(.data)
    AHBPrescTable                            0x20000004   Data          16  system_stm32f10x.o(.data)
    ii                                       0x20000018   Data           1  delay.o(.data)
    jj                                       0x2000001a   Data           2  delay.o(.data)
    USART_RX_STA                             0x2000001c   Data           2  usart.o(.data)
    __stdout                                 0x20000020   Data           4  usart.o(.data)
    USART3_RX_STA                            0x20000024   Data           2  usart3.o(.data)
    LoRa_CFG                                 0x20000040   Data          10  lora_app.o(.data)
    EXTI_InitStructure                       0x2000004c   Data           8  lora_app.o(.data)
    NVIC_InitStructure                       0x20000054   Data           4  lora_app.o(.data)
    obj_addr                                 0x20000058   Data           2  lora_app.o(.data)
    obj_chn                                  0x2000005a   Data           1  lora_app.o(.data)
    Lora_mode                                0x2000005b   Data           1  lora_app.o(.data)
    Dire_Date                                0x2000005d   Data           5  lora_app.o(.data)
    USART3_RX_BUF                            0x20000064   Data        1024  usart3.o(.bss)
    USART3_TX_BUF                            0x20000464   Data         600  usart3.o(.bss)
    USART_InitStructure                      0x200006bc   Data          16  usart3.o(.bss)
    Tran_Data                                0x200006cc   Data          30  lora_app.o(.bss)
    date                                     0x200006ea   Data          30  lora_app.o(.bss)
    __libspace_start                         0x20000708   Data          96  libspace.o(.bss)
    __temporary_stack_top$libspace           0x20000768   Data           0  libspace.o(.bss)



==============================================================================

Memory Map of the image

  Image Entry point : 0x080000ed

  Load Region LR_IROM1 (Base: 0x08000000, Size: 0x00004668, Max: 0x00010000, ABSOLUTE)

    Execution Region ER_IROM1 (Base: 0x08000000, Size: 0x00004604, Max: 0x00010000, ABSOLUTE)

    Base Addr    Size         Type   Attr      Idx    E Section Name        Object

    0x08000000   0x000000ec   Data   RO          332    RESET               startup_stm32f10x_md.o
    0x080000ec   0x00000008   Code   RO          527  * !!!main             c_w.l(__main.o)
    0x080000f4   0x00000034   Code   RO          798    !!!scatter          c_w.l(__scatter.o)
    0x08000128   0x0000001a   Code   RO          800    !!handler_copy      c_w.l(__scatter_copy.o)
    0x08000142   0x00000002   PAD
    0x08000144   0x0000001c   Code   RO          802    !!handler_zi        c_w.l(__scatter_zi.o)
    0x08000160   0x00000000   Code   RO          520    .ARM.Collect$$_printf_percent$$00000000  c_w.l(_printf_percent.o)
    0x08000160   0x00000006   Code   RO          558    .ARM.Collect$$_printf_percent$$00000001  c_w.l(_printf_n.o)
    0x08000166   0x00000006   Code   RO          559    .ARM.Collect$$_printf_percent$$00000002  c_w.l(_printf_p.o)
    0x0800016c   0x00000006   Code   RO          563    .ARM.Collect$$_printf_percent$$00000003  c_w.l(_printf_f.o)
    0x08000172   0x00000006   Code   RO          564    .ARM.Collect$$_printf_percent$$00000004  c_w.l(_printf_e.o)
    0x08000178   0x00000006   Code   RO          565    .ARM.Collect$$_printf_percent$$00000005  c_w.l(_printf_g.o)
    0x0800017e   0x00000006   Code   RO          566    .ARM.Collect$$_printf_percent$$00000006  c_w.l(_printf_a.o)
    0x08000184   0x0000000a   Code   RO          571    .ARM.Collect$$_printf_percent$$00000007  c_w.l(_printf_ll.o)
    0x0800018e   0x00000006   Code   RO          561    .ARM.Collect$$_printf_percent$$00000008  c_w.l(_printf_i.o)
    0x08000194   0x00000006   Code   RO          519    .ARM.Collect$$_printf_percent$$00000009  c_w.l(_printf_d.o)
    0x0800019a   0x00000006   Code   RO          562    .ARM.Collect$$_printf_percent$$0000000A  c_w.l(_printf_u.o)
    0x080001a0   0x00000006   Code   RO          560    .ARM.Collect$$_printf_percent$$0000000B  c_w.l(_printf_o.o)
    0x080001a6   0x00000006   Code   RO          518    .ARM.Collect$$_printf_percent$$0000000C  c_w.l(_printf_x.o)
    0x080001ac   0x00000006   Code   RO          568    .ARM.Collect$$_printf_percent$$0000000D  c_w.l(_printf_lli.o)
    0x080001b2   0x00000006   Code   RO          569    .ARM.Collect$$_printf_percent$$0000000E  c_w.l(_printf_lld.o)
    0x080001b8   0x00000006   Code   RO          570    .ARM.Collect$$_printf_percent$$0000000F  c_w.l(_printf_llu.o)
    0x080001be   0x00000006   Code   RO          575    .ARM.Collect$$_printf_percent$$00000010  c_w.l(_printf_llo.o)
    0x080001c4   0x00000006   Code   RO          576    .ARM.Collect$$_printf_percent$$00000011  c_w.l(_printf_llx.o)
    0x080001ca   0x0000000a   Code   RO          572    .ARM.Collect$$_printf_percent$$00000012  c_w.l(_printf_l.o)
    0x080001d4   0x00000006   Code   RO          557    .ARM.Collect$$_printf_percent$$00000013  c_w.l(_printf_c.o)
    0x080001da   0x00000006   Code   RO          517    .ARM.Collect$$_printf_percent$$00000014  c_w.l(_printf_s.o)
    0x080001e0   0x00000006   Code   RO          573    .ARM.Collect$$_printf_percent$$00000015  c_w.l(_printf_lc.o)
    0x080001e6   0x00000006   Code   RO          574    .ARM.Collect$$_printf_percent$$00000016  c_w.l(_printf_ls.o)
    0x080001ec   0x00000004   Code   RO          567    .ARM.Collect$$_printf_percent$$00000017  c_w.l(_printf_percent_end.o)
    0x080001f0   0x00000002   Code   RO          663    .ARM.Collect$$libinit$$00000000  c_w.l(libinit.o)
    0x080001f2   0x00000000   Code   RO          680    .ARM.Collect$$libinit$$00000002  c_w.l(libinit2.o)
    0x080001f2   0x00000000   Code   RO          682    .ARM.Collect$$libinit$$00000004  c_w.l(libinit2.o)
    0x080001f2   0x00000000   Code   RO          685    .ARM.Collect$$libinit$$0000000A  c_w.l(libinit2.o)
    0x080001f2   0x00000000   Code   RO          687    .ARM.Collect$$libinit$$0000000C  c_w.l(libinit2.o)
    0x080001f2   0x00000000   Code   RO          689    .ARM.Collect$$libinit$$0000000E  c_w.l(libinit2.o)
    0x080001f2   0x00000006   Code   RO          690    .ARM.Collect$$libinit$$0000000F  c_w.l(libinit2.o)
    0x080001f8   0x00000000   Code   RO          692    .ARM.Collect$$libinit$$00000011  c_w.l(libinit2.o)
    0x080001f8   0x0000000c   Code   RO          693    .ARM.Collect$$libinit$$00000012  c_w.l(libinit2.o)
    0x08000204   0x00000000   Code   RO          694    .ARM.Collect$$libinit$$00000013  c_w.l(libinit2.o)
    0x08000204   0x00000000   Code   RO          696    .ARM.Collect$$libinit$$00000015  c_w.l(libinit2.o)
    0x08000204   0x0000000a   Code   RO          697    .ARM.Collect$$libinit$$00000016  c_w.l(libinit2.o)
    0x0800020e   0x00000000   Code   RO          698    .ARM.Collect$$libinit$$00000017  c_w.l(libinit2.o)
    0x0800020e   0x00000000   Code   RO          700    .ARM.Collect$$libinit$$00000019  c_w.l(libinit2.o)
    0x0800020e   0x00000000   Code   RO          702    .ARM.Collect$$libinit$$0000001B  c_w.l(libinit2.o)
    0x0800020e   0x00000000   Code   RO          704    .ARM.Collect$$libinit$$0000001D  c_w.l(libinit2.o)
    0x0800020e   0x00000000   Code   RO          706    .ARM.Collect$$libinit$$0000001F  c_w.l(libinit2.o)
    0x0800020e   0x00000000   Code   RO          708    .ARM.Collect$$libinit$$00000021  c_w.l(libinit2.o)
    0x0800020e   0x00000000   Code   RO          710    .ARM.Collect$$libinit$$00000023  c_w.l(libinit2.o)
    0x0800020e   0x00000000   Code   RO          712    .ARM.Collect$$libinit$$00000025  c_w.l(libinit2.o)
    0x0800020e   0x00000000   Code   RO          716    .ARM.Collect$$libinit$$0000002C  c_w.l(libinit2.o)
    0x0800020e   0x00000000   Code   RO          718    .ARM.Collect$$libinit$$0000002E  c_w.l(libinit2.o)
    0x0800020e   0x00000000   Code   RO          720    .ARM.Collect$$libinit$$00000030  c_w.l(libinit2.o)
    0x0800020e   0x00000000   Code   RO          722    .ARM.Collect$$libinit$$00000032  c_w.l(libinit2.o)
    0x0800020e   0x00000002   Code   RO          723    .ARM.Collect$$libinit$$00000033  c_w.l(libinit2.o)
    0x08000210   0x00000002   Code   RO          741    .ARM.Collect$$libshutdown$$00000000  c_w.l(libshutdown.o)
    0x08000212   0x00000000   Code   RO          752    .ARM.Collect$$libshutdown$$00000003  c_w.l(libshutdown2.o)
    0x08000212   0x00000000   Code   RO          755    .ARM.Collect$$libshutdown$$00000006  c_w.l(libshutdown2.o)
    0x08000212   0x00000000   Code   RO          758    .ARM.Collect$$libshutdown$$00000009  c_w.l(libshutdown2.o)
    0x08000212   0x00000000   Code   RO          760    .ARM.Collect$$libshutdown$$0000000B  c_w.l(libshutdown2.o)
    0x08000212   0x00000000   Code   RO          763    .ARM.Collect$$libshutdown$$0000000E  c_w.l(libshutdown2.o)
    0x08000212   0x00000002   Code   RO          764    .ARM.Collect$$libshutdown$$0000000F  c_w.l(libshutdown2.o)
    0x08000214   0x00000000   Code   RO          531    .ARM.Collect$$rtentry$$00000000  c_w.l(__rtentry.o)
    0x08000214   0x00000000   Code   RO          586    .ARM.Collect$$rtentry$$00000002  c_w.l(__rtentry2.o)
    0x08000214   0x00000006   Code   RO          598    .ARM.Collect$$rtentry$$00000004  c_w.l(__rtentry4.o)
    0x0800021a   0x00000000   Code   RO          588    .ARM.Collect$$rtentry$$00000009  c_w.l(__rtentry2.o)
    0x0800021a   0x00000004   Code   RO          589    .ARM.Collect$$rtentry$$0000000A  c_w.l(__rtentry2.o)
    0x0800021e   0x00000000   Code   RO          591    .ARM.Collect$$rtentry$$0000000C  c_w.l(__rtentry2.o)
    0x0800021e   0x00000008   Code   RO          592    .ARM.Collect$$rtentry$$0000000D  c_w.l(__rtentry2.o)
    0x08000226   0x00000002   Code   RO          672    .ARM.Collect$$rtexit$$00000000  c_w.l(rtexit.o)
    0x08000228   0x00000000   Code   RO          725    .ARM.Collect$$rtexit$$00000002  c_w.l(rtexit2.o)
    0x08000228   0x00000004   Code   RO          726    .ARM.Collect$$rtexit$$00000003  c_w.l(rtexit2.o)
    0x0800022c   0x00000006   Code   RO          727    .ARM.Collect$$rtexit$$00000004  c_w.l(rtexit2.o)
    0x08000232   0x00000002   PAD
    0x08000234   0x000000e0   Code   RO            1    .text               main.o
    0x08000314   0x0000001a   Code   RO          142    .text               stm32f10x_it.o
    0x0800032e   0x00000058   Code   RO          201    .text               exti.o
    0x08000386   0x00000002   PAD
    0x08000388   0x00000038   Code   RO          214    .text               led.o
    0x080003c0   0x000000b0   Code   RO          226    .text               timer.o
    0x08000470   0x000000ec   Code   RO          239    .text               delay.o
    0x0800055c   0x000001b0   Code   RO          271    .text               usart.o
    0x0800070c   0x00000268   Code   RO          294    .text               usart3.o
    0x08000974   0x00000038   Code   RO          333    .text               startup_stm32f10x_md.o
    0x080009ac   0x000000dc   Code   RO          337    .text               misc.o
    0x08000a88   0x0000035c   Code   RO          361    .text               stm32f10x_gpio.o
    0x08000de4   0x000003a4   Code   RO          373    .text               stm32f10x_rcc.o
    0x08001188   0x00000408   Code   RO          387    .text               stm32f10x_usart.o
    0x08001590   0x00000e1a   Code   RO          399    .text               stm32f10x_tim.o
    0x080023aa   0x00000002   PAD
    0x080023ac   0x0000011c   Code   RO          423    .text               stm32f10x_exti.o
    0x080024c8   0x00000540   Code   RO          435    .text               lora_app.o
    0x08002a08   0x00000002   Code   RO          456    .text               c_w.l(use_no_semi_2.o)
    0x08002a0a   0x00000002   PAD
    0x08002a0c   0x00000024   Code   RO          458    .text               c_w.l(vsprintf.o)
    0x08002a30   0x00000018   Code   RO          460    .text               c_w.l(__2printf.o)
    0x08002a48   0x0000002c   Code   RO          462    .text               c_w.l(__2sprintf.o)
    0x08002a74   0x0000004e   Code   RO          470    .text               c_w.l(_printf_pad.o)
    0x08002ac2   0x00000052   Code   RO          472    .text               c_w.l(_printf_str.o)
    0x08002b14   0x00000078   Code   RO          474    .text               c_w.l(_printf_dec.o)
    0x08002b8c   0x00000094   Code   RO          494    .text               c_w.l(_printf_hex_int_ll_ptr.o)
    0x08002c20   0x00000188   Code   RO          514    .text               c_w.l(__printf_flags_ss_wp.o)
    0x08002da8   0x00000024   Code   RO          521    .text               c_w.l(strstr.o)
    0x08002dcc   0x0000003e   Code   RO          523    .text               c_w.l(strlen.o)
    0x08002e0a   0x00000006   Code   RO          525    .text               c_w.l(heapauxi.o)
    0x08002e10   0x00000002   Code   RO          529    .text               c_w.l(use_no_semi.o)
    0x08002e12   0x00000024   Code   RO          532    .text               c_w.l(_printf_truncate.o)
    0x08002e36   0x000000b2   Code   RO          534    .text               c_w.l(_printf_intcommon.o)
    0x08002ee8   0x00000028   Code   RO          536    .text               c_w.l(_printf_charcount.o)
    0x08002f10   0x00000030   Code   RO          538    .text               c_w.l(_printf_char_common.o)
    0x08002f40   0x0000000a   Code   RO          540    .text               c_w.l(_sputc.o)
    0x08002f4a   0x0000002c   Code   RO          542    .text               c_w.l(_printf_char.o)
    0x08002f76   0x00000002   PAD
    0x08002f78   0x00000024   Code   RO          544    .text               c_w.l(_printf_char_file.o)
    0x08002f9c   0x000000bc   Code   RO          546    .text               c_w.l(_printf_wctomb.o)
    0x08003058   0x0000007c   Code   RO          549    .text               c_w.l(_printf_longlong_dec.o)
    0x080030d4   0x00000070   Code   RO          555    .text               c_w.l(_printf_oct_int_ll.o)
    0x08003144   0x0000008a   Code   RO          600    .text               c_w.l(lludiv10.o)
    0x080031ce   0x0000041a   Code   RO          602    .text               c_w.l(_printf_fp_dec.o)
    0x080035e8   0x000002fc   Code   RO          604    .text               c_w.l(_printf_fp_hex.o)
    0x080038e4   0x0000002c   Code   RO          609    .text               c_w.l(_printf_wchar.o)
    0x08003910   0x00000008   Code   RO          611    .text               c_w.l(ferror.o)
    0x08003918   0x00000040   Code   RO          615    .text               c_w.l(_wcrtomb.o)
    0x08003958   0x0000004a   Code   RO          617    .text               c_w.l(sys_stackheap_outer.o)
    0x080039a2   0x00000002   PAD
    0x080039a4   0x00000010   Code   RO          619    .text               c_w.l(rt_ctype_table.o)
    0x080039b4   0x00000008   Code   RO          624    .text               c_w.l(rt_locale_intlibspace.o)
    0x080039bc   0x00000080   Code   RO          626    .text               c_w.l(_printf_fp_infnan.o)
    0x08003a3c   0x000000dc   Code   RO          628    .text               c_w.l(bigflt0.o)
    0x08003b18   0x0000000c   Code   RO          656    .text               c_w.l(exit.o)
    0x08003b24   0x00000008   Code   RO          669    .text               c_w.l(libspace.o)
    0x08003b2c   0x00000080   Code   RO          677    .text               c_w.l(strcmpv7m.o)
    0x08003bac   0x0000003e   Code   RO          631    CL$$btod_d2e        c_w.l(btod.o)
    0x08003bea   0x00000046   Code   RO          633    CL$$btod_d2e_denorm_low  c_w.l(btod.o)
    0x08003c30   0x00000060   Code   RO          632    CL$$btod_d2e_norm_op1  c_w.l(btod.o)
    0x08003c90   0x00000338   Code   RO          641    CL$$btod_div_common  c_w.l(btod.o)
    0x08003fc8   0x000000c6   Code   RO          638    CL$$btod_e2e        c_w.l(btod.o)
    0x0800408e   0x00000028   Code   RO          635    CL$$btod_ediv       c_w.l(btod.o)
    0x080040b6   0x00000028   Code   RO          634    CL$$btod_emul       c_w.l(btod.o)
    0x080040de   0x00000244   Code   RO          640    CL$$btod_mult_common  c_w.l(btod.o)
    0x08004322   0x00000028   Code   RO          667    i.__ARM_fpclassify  m_ws.l(fpclassify.o)
    0x0800434a   0x0000000e   Code   RO          507    i._is_digit         c_w.l(__printf_wp.o)
    0x08004358   0x0000002c   Code   RO          654    locale$$code        c_w.l(lc_numeric_c.o)
    0x08004384   0x0000002c   Code   RO          675    locale$$code        c_w.l(lc_ctype_c.o)
    0x080043b0   0x00000004   Code   RO          577    x$fpl$printf1       fz_ws.l(printf1.o)
    0x080043b4   0x00000004   Code   RO          579    x$fpl$printf2       fz_ws.l(printf2.o)
    0x080043b8   0x00000000   Code   RO          666    x$fpl$usenofp       fz_ws.l(usenofp.o)
    0x080043b8   0x00000028   Data   RO          495    .constdata          c_w.l(_printf_hex_int_ll_ptr.o)
    0x080043e0   0x00000011   Data   RO          515    .constdata          c_w.l(__printf_flags_ss_wp.o)
    0x080043f1   0x00000003   PAD
    0x080043f4   0x00000008   Data   RO          547    .constdata          c_w.l(_printf_wctomb.o)
    0x080043fc   0x00000026   Data   RO          605    .constdata          c_w.l(_printf_fp_hex.o)
    0x08004422   0x00000002   PAD
    0x08004424   0x00000094   Data   RO          629    .constdata          c_w.l(bigflt0.o)
    0x080044b8   0x00000020   Data   RO          796    Region$$Table       anon$$obj.o
    0x080044d8   0x0000001c   Data   RO          653    locale$$data        c_w.l(lc_numeric_c.o)
    0x080044f4   0x00000110   Data   RO          674    locale$$data        c_w.l(lc_ctype_c.o)


    Execution Region RW_IRAM1 (Base: 0x20000000, Size: 0x00000d68, Max: 0x00005000, ABSOLUTE)

    Base Addr    Size         Type   Attr      Idx    E Section Name        Object

    0x20000000   0x00000014   Data   RW          184    .data               system_stm32f10x.o
    0x20000014   0x00000008   Data   RW          240    .data               delay.o
    0x2000001c   0x00000008   Data   RW          273    .data               usart.o
    0x20000024   0x00000008   Data   RW          296    .data               usart3.o
    0x2000002c   0x00000014   Data   RW          374    .data               stm32f10x_rcc.o
    0x20000040   0x00000023   Data   RW          437    .data               lora_app.o
    0x20000063   0x00000001   PAD
    0x20000064   0x00000668   Zero   RW          295    .bss                usart3.o
    0x200006cc   0x0000003c   Zero   RW          436    .bss                lora_app.o
    0x20000708   0x00000060   Zero   RW          670    .bss                c_w.l(libspace.o)
    0x20000768   0x00000200   Zero   RW          331    HEAP                startup_stm32f10x_md.o
    0x20000968   0x00000400   Zero   RW          330    STACK               startup_stm32f10x_md.o


==============================================================================

Image component sizes


      Code (inc. data)   RO Data    RW Data    ZI Data      Debug   Object Name

       236         26          0          8          0       1035   delay.o
        88          0          0          0          0        642   exti.o
        56          6          0          0          0        455   led.o
      1344        304          0         35         60       3406   lora_app.o
       224        108          0          0          0     255079   main.o
       220         22          0          0          0       1761   misc.o
        56         22        236          0       1536        780   startup_stm32f10x_md.o
       284         10          0          0          0       2191   stm32f10x_exti.o
       860         38          0          0          0       5605   stm32f10x_gpio.o
        26          0          0          0          0       1162   stm32f10x_it.o
       932         36          0         20          0       8756   stm32f10x_rcc.o
      3610         88          0          0          0      22088   stm32f10x_tim.o
      1032         22          0          0          0       8332   stm32f10x_usart.o
         0          0          0          0          0         32   sys.o
         0          0          0         20          0        580   system_stm32f10x.o
       176          8          0          0          0        904   timer.o
       432         12          0          8          0       3536   usart.o
       616         46          0          8       1640       2991   usart3.o

    ----------------------------------------------------------------------
     10196        748        268        100       3236     319335   Object Totals
         0          0         32          0          0          0   (incl. Generated)
         4          0          0          1          0          0   (incl. Padding)

    ----------------------------------------------------------------------

      Code (inc. data)   RO Data    RW Data    ZI Data      Debug   Library Member Name

        24          4          0          0          0         84   __2printf.o
        44          6          0          0          0         84   __2sprintf.o
         8          0          0          0          0         68   __main.o
       392          4         17          0          0         92   __printf_flags_ss_wp.o
        14          0          0          0          0         68   __printf_wp.o
         0          0          0          0          0          0   __rtentry.o
        12          0          0          0          0          0   __rtentry2.o
         6          0          0          0          0          0   __rtentry4.o
        52          8          0          0          0          0   __scatter.o
        26          0          0          0          0          0   __scatter_copy.o
        28          0          0          0          0          0   __scatter_zi.o
         6          0          0          0          0          0   _printf_a.o
         6          0          0          0          0          0   _printf_c.o
        44          0          0          0          0        108   _printf_char.o
        48          6          0          0          0         96   _printf_char_common.o
        36          4          0          0          0         80   _printf_char_file.o
        40          0          0          0          0         68   _printf_charcount.o
         6          0          0          0          0          0   _printf_d.o
       120         16          0          0          0         92   _printf_dec.o
         6          0          0          0          0          0   _printf_e.o
         6          0          0          0          0          0   _printf_f.o
      1050          0          0          0          0        216   _printf_fp_dec.o
       764         10         38          0          0        100   _printf_fp_hex.o
       128         16          0          0          0         84   _printf_fp_infnan.o
         6          0          0          0          0          0   _printf_g.o
       148          4         40          0          0        160   _printf_hex_int_ll_ptr.o
         6          0          0          0          0          0   _printf_i.o
       178          0          0          0          0         88   _printf_intcommon.o
        10          0          0          0          0          0   _printf_l.o
         6          0          0          0          0          0   _printf_lc.o
        10          0          0          0          0          0   _printf_ll.o
         6          0          0          0          0          0   _printf_lld.o
         6          0          0          0          0          0   _printf_lli.o
         6          0          0          0          0          0   _printf_llo.o
         6          0          0          0          0          0   _printf_llu.o
         6          0          0          0          0          0   _printf_llx.o
       124         16          0          0          0         92   _printf_longlong_dec.o
         6          0          0          0          0          0   _printf_ls.o
         6          0          0          0          0          0   _printf_n.o
         6          0          0          0          0          0   _printf_o.o
       112          8          0          0          0        124   _printf_oct_int_ll.o
         6          0          0          0          0          0   _printf_p.o
        78          0          0          0          0        108   _printf_pad.o
         0          0          0          0          0          0   _printf_percent.o
         4          0          0          0          0          0   _printf_percent_end.o
         6          0          0          0          0          0   _printf_s.o
        82          0          0          0          0         80   _printf_str.o
        36          0          0          0          0         84   _printf_truncate.o
         6          0          0          0          0          0   _printf_u.o
        44          0          0          0          0        108   _printf_wchar.o
       188          6          8          0          0         92   _printf_wctomb.o
         6          0          0          0          0          0   _printf_x.o
        10          0          0          0          0         68   _sputc.o
        64          0          0          0          0         92   _wcrtomb.o
       220          4        148          0          0         96   bigflt0.o
      1910        128          0          0          0        672   btod.o
        12          0          0          0          0         72   exit.o
         8          0          0          0          0         68   ferror.o
         6          0          0          0          0        152   heapauxi.o
        44         10        272          0          0         76   lc_ctype_c.o
        44         10         28          0          0         76   lc_numeric_c.o
         2          0          0          0          0          0   libinit.o
        30          0          0          0          0          0   libinit2.o
         2          0          0          0          0          0   libshutdown.o
         2          0          0          0          0          0   libshutdown2.o
         8          4          0          0         96         68   libspace.o
       138          0          0          0          0         80   lludiv10.o
        16          4          0          0          0         76   rt_ctype_table.o
         8          4          0          0          0         68   rt_locale_intlibspace.o
         2          0          0          0          0          0   rtexit.o
        10          0          0          0          0          0   rtexit2.o
       128          0          0          0          0         68   strcmpv7m.o
        62          0          0          0          0         76   strlen.o
        36          0          0          0          0         80   strstr.o
        74          0          0          0          0         80   sys_stackheap_outer.o
         2          0          0          0          0         68   use_no_semi.o
         2          0          0          0          0         68   use_no_semi_2.o
        36          4          0          0          0         76   vsprintf.o
         4          0          0          0          0         68   printf1.o
         4          0          0          0          0         68   printf2.o
         0          0          0          0          0          0   usenofp.o
        40          0          0          0          0         68   fpclassify.o

    ----------------------------------------------------------------------
      6904        276        556          0         96       4560   Library Totals
        10          0          5          0          0          0   (incl. Padding)

    ----------------------------------------------------------------------

      Code (inc. data)   RO Data    RW Data    ZI Data      Debug   Library Name

      6846        276        551          0         96       4356   c_w.l
         8          0          0          0          0        136   fz_ws.l
        40          0          0          0          0         68   m_ws.l

    ----------------------------------------------------------------------
      6904        276        556          0         96       4560   Library Totals

    ----------------------------------------------------------------------

==============================================================================


      Code (inc. data)   RO Data    RW Data    ZI Data      Debug   

     17100       1024        824        100       3332     320147   Grand Totals
     17100       1024        824        100       3332     320147   ELF Image Totals
     17100       1024        824        100          0          0   ROM Totals

==============================================================================

    Total RO  Size (Code + RO Data)                17924 (  17.50kB)
    Total RW  Size (RW Data + ZI Data)              3432 (   3.35kB)
    Total ROM Size (Code + RO Data + RW Data)      18024 (  17.60kB)

==============================================================================

